Component: Arm Compiler for Embedded 6.19 Tool: armlink [5e73cb00]

==============================================================================

Section Cross References

    system_m2354.o(.ARM.exidx.text.SCU_IRQHandler) refers to Unwind-EHABI.cpp.o(.text.__aeabi_unwind_cpp_pr0) for __aeabi_unwind_cpp_pr0
    system_m2354.o(.ARM.exidx.text.SCU_IRQHandler) refers to system_m2354.o(.text.SCU_IRQHandler) for [Anonymous Symbol]
    system_m2354.o(.text.SystemCoreClockUpdate) refers to system_m2354.o(.data.PllClock) for PllClock
    system_m2354.o(.text.SystemCoreClockUpdate) refers to system_m2354.o(.data.SystemCoreClock) for SystemCoreClock
    system_m2354.o(.text.SystemCoreClockUpdate) refers to system_m2354.o(.data.CyclesPerUs) for CyclesPerUs
    system_m2354.o(.ARM.exidx.text.SystemCoreClockUpdate) refers to Unwind-EHABI.cpp.o(.text.__aeabi_unwind_cpp_pr0) for __aeabi_unwind_cpp_pr0
    system_m2354.o(.ARM.exidx.text.SystemCoreClockUpdate) refers to system_m2354.o(.text.SystemCoreClockUpdate) for [Anonymous Symbol]
    system_m2354.o(.text.SystemInit) refers to startup_m2354.o(.text) for __PC
    system_m2354.o(.text.SystemInit) refers to startup_m2354.o(RESET) for __Vectors
    system_m2354.o(.ARM.exidx.text.SystemInit) refers to Unwind-EHABI.cpp.o(.text.__aeabi_unwind_cpp_pr0) for __aeabi_unwind_cpp_pr0
    system_m2354.o(.ARM.exidx.text.SystemInit) refers to system_m2354.o(.text.SystemInit) for [Anonymous Symbol]
    startup_m2354.o(.STACK) refers (Special) to retarget.o(.text.SendChar_ToUART) for SendChar_ToUART
    startup_m2354.o(.STACK) refers (Special) to heapauxi.o(.text) for __use_two_region_memory
    startup_m2354.o(HEAP) refers (Special) to retarget.o(.text.SendChar_ToUART) for SendChar_ToUART
    startup_m2354.o(HEAP) refers (Special) to heapauxi.o(.text) for __use_two_region_memory
    startup_m2354.o(RESET) refers (Special) to retarget.o(.text.SendChar_ToUART) for SendChar_ToUART
    startup_m2354.o(RESET) refers (Special) to heapauxi.o(.text) for __use_two_region_memory
    startup_m2354.o(RESET) refers to startup_m2354.o(.STACK) for __initial_sp
    startup_m2354.o(RESET) refers to startup_m2354.o(.text) for Reset_Handler
    startup_m2354.o(RESET) refers to main_ns.o(.text.UART1_IRQHandler) for UART1_IRQHandler
    startup_m2354.o(RESET) refers to system_m2354.o(.text.SCU_IRQHandler) for SCU_IRQHandler
    startup_m2354.o(.text) refers (Special) to retarget.o(.text.SendChar_ToUART) for SendChar_ToUART
    startup_m2354.o(.text) refers (Special) to heapauxi.o(.text) for __use_two_region_memory
    startup_m2354.o(.text) refers to system_m2354.o(.text.SystemInit) for SystemInit
    startup_m2354.o(.text) refers to __main.o(!!!main) for __main
    startup_m2354.o(.text) refers to retarget.o(.text.ProcessHardFault) for ProcessHardFault
    startup_m2354.o(.text) refers to startup_m2354.o(HEAP) for Heap_Mem
    startup_m2354.o(.text) refers to startup_m2354.o(.STACK) for Stack_Mem
    startup_m2354.o(.text) refers to retarget.o(.text.SH_Return) for SH_Return
    main_ns.o(.text.UART1_IRQHandler) refers to main_ns.o(.data.read_flag) for read_flag
    main_ns.o(.text.UART1_IRQHandler) refers to main_ns.o(.bss.received_msg) for received_msg
    main_ns.o(.text.UART1_IRQHandler) refers to main_ns.o(.bss.g_u32comRtail) for g_u32comRtail
    main_ns.o(.ARM.exidx.text.UART1_IRQHandler) refers to main_ns.o(.text.UART1_IRQHandler) for [Anonymous Symbol]
    main_ns.o(.ARM.exidx.text.ReceiveMessage) refers to main_ns.o(.text.ReceiveMessage) for [Anonymous Symbol]
    main_ns.o(.text.main) refers to main_ns.o(.text.DEBUG_PORT_Init) for DEBUG_PORT_Init
    main_ns.o(.text.main) refers to uart.o(.text.UART_Open) for UART_Open
    main_ns.o(.text.main) refers to uart.o(.text.UART_EnableFlowCtrl) for UART_EnableFlowCtrl
    main_ns.o(.text.main) refers to uart.o(.text.UART_SetTimeoutCnt) for UART_SetTimeoutCnt
    main_ns.o(.text.main) refers to main_ns.o(.text.UART1_Interrupt_Enable) for UART1_Interrupt_Enable
    main_ns.o(.text.main) refers to main_ns.o(.text.BLE_Init) for BLE_Init
    main_ns.o(.text.main) refers to h1_alloc.o(.text) for malloc
    main_ns.o(.text.main) refers to main_ns.o(.text.ReceiveMessage) for ReceiveMessage
    main_ns.o(.text.main) refers to main_ns.o(.text.Execution_Time_Measurement) for Execution_Time_Measurement
    main_ns.o(.text.main) refers to main_ns.o(.text.BLE_SendCommand) for BLE_SendCommand
    main_ns.o(.text.main) refers to main_ns.o(.text.NonSecure_BLE_send) for NonSecure_BLE_send
    main_ns.o(.text.main) refers to main_ns.o(.text.FreeMSG) for FreeMSG
    main_ns.o(.text.main) refers to main_ns.o(.bss.received_msg) for received_msg
    main_ns.o(.text.main) refers to main_ns.o(.rodata.str1.1) for [Anonymous Symbol]
    main_ns.o(.ARM.exidx.text.main) refers to Unwind-EHABI.cpp.o(.text.__aeabi_unwind_cpp_pr0) for __aeabi_unwind_cpp_pr0
    main_ns.o(.ARM.exidx.text.main) refers to main_ns.o(.text.main) for [Anonymous Symbol]
[...]
    .text                                    0x10040dbc   Section        0  lludiv10.o(.text)
    .text                                    0x10040e36   Section        0  _printf_intcommon.o(.text)
    _fp_digits                               0x10040ee9   Thumb Code   412  _printf_fp_dec.o(.text)
    .text                                    0x10040ee8   Section        0  _printf_fp_dec.o(.text)
    .text                                    0x100412fc   Section        0  _printf_fp_hex.o(.text)
    .text                                    0x100415d4   Section        0  _printf_char.o(.text)
    .text                                    0x10041602   Section        0  _printf_wchar.o(.text)
    .text                                    0x10041630   Section        0  _c32rtomb.o(.text)
    .text                                    0x10041672   Section        0  defsig_rtmem_outer.o(.text)
    .text                                    0x1004167e   Section        0  rtudiv10.o(.text)
    .text                                    0x100416a6   Section       62  sys_stackheap_outer.o(.text)
    .text                                    0x100416e4   Section       16  rt_ctype_table.o(.text)
    .text                                    0x100416f4   Section        8  rt_locale_intlibspace.o(.text)
    .text                                    0x100416fc   Section        0  _printf_fp_infnan.o(.text)
    .text                                    0x10041784   Section        0  bigflt0.o(.text)
    .text                                    0x1004185c   Section        0  btod.o(.text)
    btod_internal_mul                        0x1004189d   Thumb Code   492  btod.o(.text)
    btod_internal_div                        0x10041a89   Thumb Code   520  btod.o(.text)
    .text                                    0x10041ddc   Section        0  exit.o(.text)
    .text                                    0x10041dec   Section        0  defsig_exit.o(.text)
    .text                                    0x10041df8   Section        0  defsig_rtmem_inner.o(.text)
    .text                                    0x10041e48   Section        0  defsig_general.o(.text)
    .text                                    0x10041e7c   Section        0  strcmp.o(.text)
    [Anonymous Symbol]                       0x10041f04   Section        0  main_ns.o(.text.BLE_Init)
    __arm_cp.5_0                             0x10041f20   Number         4  main_ns.o(.text.BLE_Init)
    __arm_cp.5_1                             0x10041f24   Number         4  main_ns.o(.text.BLE_Init)
    __arm_cp.5_2                             0x10041f28   Number         4  main_ns.o(.text.BLE_Init)
    __arm_cp.5_3                             0x10041f2c   Number         4  main_ns.o(.text.BLE_Init)
    [Anonymous Symbol]                       0x10041f30   Section        0  main_ns.o(.text.BLE_SendCommand)
    __arm_cp.9_2                             0x10041fac   Number         4  main_ns.o(.text.BLE_SendCommand)
    [Anonymous Symbol]                       0x10041fb0   Section        0  main_ns.o(.text.BLE_SendMessage)
    __arm_cp.12_0                            0x10041fd8   Number         4  main_ns.o(.text.BLE_SendMessage)
    __arm_cp.12_1                            0x10041fdc   Number         4  main_ns.o(.text.BLE_SendMessage)
    CLK_SysTickDelay                         0x10041fe1   Thumb Code    56  main_ns.o(.text.CLK_SysTickDelay)
    [Anonymous Symbol]                       0x10041fe0   Section        0  main_ns.o(.text.CLK_SysTickDelay)
    __arm_cp.11_0                            0x10042018   Number         4  main_ns.o(.text.CLK_SysTickDelay)
    __arm_cp.11_1                            0x1004201c   Number         4  main_ns.o(.text.CLK_SysTickDelay)
    __arm_cp.11_2                            0x10042020   Number         4  main_ns.o(.text.CLK_SysTickDelay)
    __arm_cp.11_3                            0x10042024   Number         4  main_ns.o(.text.CLK_SysTickDelay)
    [Anonymous Symbol]                       0x10042028   Section        0  main_ns.o(.text.DEBUG_PORT_Init)
    __arm_cp.3_0                             0x10042038   Number         4  main_ns.o(.text.DEBUG_PORT_Init)
    __arm_cp.3_1                             0x1004203c   Number         4  main_ns.o(.text.DEBUG_PORT_Init)
    __arm_cp.3_2                             0x10042040   Number         4  main_ns.o(.text.DEBUG_PORT_Init)
    [Anonymous Symbol]                       0x10042044   Section        0  main_ns.o(.text.Execution_Time_Measurement)
    __arm_cp.8_0                             0x100420b0   Number         4  main_ns.o(.text.Execution_Time_Measurement)
    __arm_cp.8_1                             0x100420b4   Number         4  main_ns.o(.text.Execution_Time_Measurement)
    __arm_cp.8_2                             0x100420b8   Number         4  main_ns.o(.text.Execution_Time_Measurement)
    __arm_cp.8_3                             0x100420bc   Number         4  main_ns.o(.text.Execution_Time_Measurement)
    __arm_cp.8_4                             0x100420c0   Number         4  main_ns.o(.text.Execution_Time_Measurement)
    __arm_cp.8_5                             0x100420c4   Number         4  main_ns.o(.text.Execution_Time_Measurement)
    __arm_cp.8_6                             0x100420c8   Number         4  main_ns.o(.text.Execution_Time_Measurement)
    [Anonymous Symbol]                       0x100420cc   Section        0  main_ns.o(.text.FreeMSG)
    __arm_cp.7_0                             0x1004211c   Number         4  main_ns.o(.text.FreeMSG)
    __arm_cp.7_1                             0x10042120   Number         4  main_ns.o(.text.FreeMSG)
    __arm_cp.7_2                             0x10042124   Number         4  main_ns.o(.text.FreeMSG)
    __arm_cp.7_3                             0x10042128   Number         4  main_ns.o(.text.FreeMSG)
    [Anonymous Symbol]                       0x1004212c   Section        0  main_ns.o(.text.NonSecure_BLE_send)
    [Anonymous Symbol]                       0x10042144   Section        0  retarget.o(.text.ProcessHardFault)
    __arm_cp.1_0                             0x10042450   Number         4  retarget.o(.text.ProcessHardFault)
    __arm_cp.1_1                             0x10042454   Number         4  retarget.o(.text.ProcessHardFault)
    __arm_cp.1_2                             0x10042458   Number         4  retarget.o(.text.ProcessHardFault)
    __arm_cp.1_3                             0x1004245c   Number         4  retarget.o(.text.ProcessHardFault)
    __arm_cp.1_4                             0x10042460   Number         4  retarget.o(.text.ProcessHardFault)
    __arm_cp.1_5                             0x10042464   Number         4  retarget.o(.text.ProcessHardFault)
    __arm_cp.1_6                             0x10042468   Number         4  retarget.o(.text.ProcessHardFault)
    __arm_cp.1_7                             0x1004246c   Number         4  retarget.o(.text.ProcessHardFault)
    __arm_cp.1_8                             0x10042470   Number         4  retarget.o(.text.ProcessHardFault)
    __arm_cp.1_9                             0x10042474   Number         4  retarget.o(.text.ProcessHardFault)
    __arm_cp.1_10                            0x10042478   Number         4  retarget.o(.text.ProcessHardFault)
    __arm_cp.1_11                            0x1004247c   Number         4  retarget.o(.text.ProcessHardFault)
    __arm_cp.1_12                            0x10042480   Number         4  retarget.o(.text.ProcessHardFault)
    __arm_cp.1_13                            0x10042484   Number         4  retarget.o(.text.ProcessHardFault)
    __arm_cp.1_14                            0x10042488   Number         4  retarget.o(.text.ProcessHardFault)
    __arm_cp.1_15                            0x1004248c   Number         4  retarget.o(.text.ProcessHardFault)
    __arm_cp.1_16                            0x10042490   Number         4  retarget.o(.text.ProcessHardFault)
    __arm_cp.1_17                            0x10042494   Number         4  retarget.o(.text.ProcessHardFault)
    __arm_cp.1_18                            0x10042498   Number         4  retarget.o(.text.ProcessHardFault)
    __arm_cp.1_19                            0x1004249c   Number         4  retarget.o(.text.ProcessHardFault)
    __arm_cp.1_20                            0x100424a0   Number         4  retarget.o(.text.ProcessHardFault)
    __arm_cp.1_21                            0x100424a4   Number         4  retarget.o(.text.ProcessHardFault)
    [Anonymous Symbol]                       0x100424a8   Section        0  main_ns.o(.text.ReceiveMessage)
    __arm_cp.1_0                             0x1004250c   Number         4  main_ns.o(.text.ReceiveMessage)
    __arm_cp.1_1                             0x10042510   Number         4  main_ns.o(.text.ReceiveMessage)
    [Anonymous Symbol]                       0x10042514   Section        0  system_m2354.o(.text.SCU_IRQHandler)
    [Anonymous Symbol]                       0x10042518   Section        0  retarget.o(.text.SH_Return)
    [Anonymous Symbol]                       0x10042526   Section        0  retarget.o(.text.SendChar)
    [Anonymous Symbol]                       0x10042538   Section        0  retarget.o(.text.SendChar_ToUART)
    [Anonymous Symbol]                       0x10042578   Section        0  system_m2354.o(.text.SystemInit)
    __arm_cp.2_0                             0x100425c0   Number         4  system_m2354.o(.text.SystemInit)
    __arm_cp.2_1                             0x100425c4   Number         4  system_m2354.o(.text.SystemInit)
    __arm_cp.2_2                             0x100425c8   Number         4  system_m2354.o(.text.SystemInit)
    __arm_cp.2_3                             0x100425cc   Number         4  system_m2354.o(.text.SystemInit)
    __arm_cp.2_4                             0x100425d0   Number         4  system_m2354.o(.text.SystemInit)
    __arm_cp.2_5                             0x100425d4   Number         4  system_m2354.o(.text.SystemInit)
    TIMER_GetCounter                         0x100425d9   Thumb Code    12  main_ns.o(.text.TIMER_GetCounter)
    [Anonymous Symbol]                       0x100425d8   Section        0  main_ns.o(.text.TIMER_GetCounter)
    [Anonymous Symbol]                       0x100425e4   Section        0  timer.o(.text.TIMER_GetModuleClock)
    __arm_cp.1_0                             0x10042718   Number         4  timer.o(.text.TIMER_GetModuleClock)
    __arm_cp.1_1                             0x1004271c   Number         4  timer.o(.text.TIMER_GetModuleClock)
    __arm_cp.1_2                             0x10042720   Number         4  timer.o(.text.TIMER_GetModuleClock)
    __arm_cp.1_3                             0x10042724   Number         4  timer.o(.text.TIMER_GetModuleClock)
    __arm_cp.1_4                             0x10042728   Number         4  timer.o(.text.TIMER_GetModuleClock)
    __arm_cp.1_5                             0x1004272c   Number         4  timer.o(.text.TIMER_GetModuleClock)
    __arm_cp.1_6                             0x10042730   Number         4  timer.o(.text.TIMER_GetModuleClock)
    __arm_cp.1_7                             0x10042734   Number         4  timer.o(.text.TIMER_GetModuleClock)
    __arm_cp.1_8                             0x10042738   Number         4  timer.o(.text.TIMER_GetModuleClock)
    __arm_cp.1_9                             0x1004273c   Number         4  timer.o(.text.TIMER_GetModuleClock)
    __arm_cp.1_10                            0x10042740   Number         4  timer.o(.text.TIMER_GetModuleClock)
    __arm_cp.1_11                            0x10042744   Number         4  timer.o(.text.TIMER_GetModuleClock)
    __arm_cp.1_12                            0x10042748   Number         4  timer.o(.text.TIMER_GetModuleClock)
    __arm_cp.1_13                            0x1004274c   Number         4  timer.o(.text.TIMER_GetModuleClock)
    __arm_cp.1_14                            0x10042750   Number         4  timer.o(.text.TIMER_GetModuleClock)
    __arm_cp.1_15                            0x10042754   Number         4  timer.o(.text.TIMER_GetModuleClock)
    [Anonymous Symbol]                       0x10042758   Section        0  timer.o(.text.TIMER_Open)
    [Anonymous Symbol]                       0x100427cc   Section        0  timer.o(.text.TIMER_ResetCounter)
    __arm_cp.12_0                            0x10042838   Number         4  timer.o(.text.TIMER_ResetCounter)
    TIMER_Start                              0x1004283d   Thumb Code    20  main_ns.o(.text.TIMER_Start)
    [Anonymous Symbol]                       0x1004283c   Section        0  main_ns.o(.text.TIMER_Start)
    [Anonymous Symbol]                       0x10042850   Section        0  main_ns.o(.text.UART1_IRQHandler)
    __arm_cp.0_0                             0x10042910   Number         4  main_ns.o(.text.UART1_IRQHandler)
    __arm_cp.0_1                             0x10042914   Number         4  main_ns.o(.text.UART1_IRQHandler)
    __arm_cp.0_2                             0x10042918   Number         4  main_ns.o(.text.UART1_IRQHandler)
    __arm_cp.0_4                             0x1004291c   Number         4  main_ns.o(.text.UART1_IRQHandler)
    __arm_cp.0_5                             0x10042920   Number         4  main_ns.o(.text.UART1_IRQHandler)
    [Anonymous Symbol]                       0x10042924   Section        0  main_ns.o(.text.UART1_Interrupt_Enable)
    __arm_cp.4_0                             0x10042938   Number         4  main_ns.o(.text.UART1_Interrupt_Enable)
    [Anonymous Symbol]                       0x1004293c   Section        0  uart.o(.text.UART_EnableFlowCtrl)
    [Anonymous Symbol]                       0x10042968   Section        0  uart.o(.text.UART_EnableInt)
    [Anonymous Symbol]                       0x1004297c   Section        0  uart.o(.text.UART_Open)
    __arm_cp.6_0                             0x10042b84   Number         4  uart.o(.text.UART_Open)
    __arm_cp.6_1                             0x10042b88   Number         4  uart.o(.text.UART_Open)
    __arm_cp.6_2                             0x10042b8c   Number         4  uart.o(.text.UART_Open)
    __arm_cp.6_3                             0x10042b90   Number         4  uart.o(.text.UART_Open)
    __arm_cp.6_4                             0x10042b94   Number         4  uart.o(.text.UART_Open)
    __arm_cp.6_5                             0x10042b98   Number         4  uart.o(.text.UART_Open)
    __arm_cp.6_6                             0x10042b9c   Number         4  uart.o(.text.UART_Open)
    __arm_cp.6_7                             0x10042ba0   Number         4  uart.o(.text.UART_Open)
    __arm_cp.6_8                             0x10042ba4   Number         4  uart.o(.text.UART_Open)
    __arm_cp.6_9                             0x10042ba8   Number         4  uart.o(.text.UART_Open)
    __arm_cp.6_10                            0x10042bac   Number         4  uart.o(.text.UART_Open)
    __arm_cp.6_11                            0x10042bb0   Number         4  uart.o(.text.UART_Open)
    __arm_cp.6_12                            0x10042bb4   Number         4  uart.o(.text.UART_Open)
    __arm_cp.6_13                            0x10042bb8   Number         4  uart.o(.text.UART_Open)
    __arm_cp.6_14                            0x10042bbc   Number         4  uart.o(.text.UART_Open)
    __arm_cp.6_15                            0x10042bc0   Number         4  uart.o(.text.UART_Open)
    __arm_cp.6_16                            0x10042bc4   Number         4  uart.o(.text.UART_Open)
    __arm_cp.6_17                            0x10042bc8   Number         4  uart.o(.text.UART_Open)
    __arm_cp.6_18                            0x10042bcc   Number         4  uart.o(.text.UART_Open)
    __arm_cp.6_19                            0x10042bd0   Number         4  uart.o(.text.UART_Open)
    [Anonymous Symbol]                       0x10042bd4   Section        0  uart.o(.text.UART_SetTimeoutCnt)
    __NVIC_EnableIRQ                         0x10042bfd   Thumb Code    40  main_ns.o(.text.__NVIC_EnableIRQ)
    [Anonymous Symbol]                       0x10042bfc   Section        0  main_ns.o(.text.__NVIC_EnableIRQ)
    __arm_cp.15_0                            0x10042c24   Number         4  main_ns.o(.text.__NVIC_EnableIRQ)
    [Anonymous Symbol]                       0x10042c28   Section        0  retarget.o(.text._sys_exit)
    [Anonymous Symbol]                       0x10042c30   Section        0  retarget.o(.text._ttywrch)
    [Anonymous Symbol]                       0x10042c40   Section        0  retarget.o(.text.ferror)
    [Anonymous Symbol]                       0x10042c4c   Section        0  retarget.o(.text.fputc)
    [Anonymous Symbol]                       0x10042c60   Section        0  main_ns.o(.text.main)
    __arm_cp.2_0                             0x10042d10   Number         4  main_ns.o(.text.main)
    __arm_cp.2_1                             0x10042d14   Number         4  main_ns.o(.text.main)
    __arm_cp.2_2                             0x10042d18   Number         4  main_ns.o(.text.main)
    __arm_cp.2_3                             0x10042d1c   Number         4  main_ns.o(.text.main)
    __arm_cp.2_4                             0x10042d20   Number         4  main_ns.o(.text.main)
    __arm_cp.2_5                             0x10042d24   Number         4  main_ns.o(.text.main)
    __arm_cp.2_6                             0x10042d28   Number         4  main_ns.o(.text.main)
    i.__ARM_common_ll_muluu                  0x10042d98   Section        0  btod.o(i.__ARM_common_ll_muluu)
    i.__ARM_fpclassify                       0x10042dc8   Section        0  fpclassify.o(i.__ARM_fpclassify)
    i._is_digit                              0x10042df4   Section        0  __printf_wp.o(i._is_digit)
    locale$$code                             0x10042e04   Section       44  lc_numeric_c.o(locale$$code)
    locale$$code                             0x10042e30   Section       44  lc_ctype_c.o(locale$$code)
    x$fpl$printf1                            0x10042e5c   Section       16  printf1.o(x$fpl$printf1)
    x$fpl$printf2                            0x10042e6c   Section       16  printf2.o(x$fpl$printf2)
    initial_mbstate                          0x10042e7c   Data           8  _printf_wctomb.o(.constdata)
    .constdata                               0x10042e7c   Section        8  _printf_wctomb.o(.constdata)
    x$fpl$usenofp                            0x10042e7c   Section        0  usenofp.o(x$fpl$usenofp)
    uc_hextab                                0x10042e84   Data          20  _printf_hex_int_ll_ptr.o(.constdata)
    .constdata                               0x10042e84   Section       40  _printf_hex_int_ll_ptr.o(.constdata)
    lc_hextab                                0x10042e98   Data          20  _printf_hex_int_ll_ptr.o(.constdata)
    maptable                                 0x10042eac   Data          17  __printf_flags_ss_wp.o(.constdata)
    .constdata                               0x10042eac   Section       17  __printf_flags_ss_wp.o(.constdata)
    lc_hextab                                0x10042ebd   Data          19  _printf_fp_hex.o(.constdata)
    .constdata                               0x10042ebd   Section       38  _printf_fp_hex.o(.constdata)
    uc_hextab                                0x10042ed0   Data          19  _printf_fp_hex.o(.constdata)
    tenpwrs_x                                0x10042ee4   Data          60  bigflt0.o(.constdata)
    .constdata                               0x10042ee4   Section      148  bigflt0.o(.constdata)
    tenpwrs_i                                0x10042f20   Data          64  bigflt0.o(.constdata)
    [Anonymous Symbol]                       0x10042f78   Section        0  retarget.o(.rodata..L__const.ProcessHardFault.info)
    [Anonymous Symbol]                       0x10042f90   Section        0  retarget.o(.rodata..L__const.ProcessHardFault.ipname)
    [Anonymous Symbol]                       0x10042fe4   Section        0  retarget.o(.rodata..L__const.ProcessHardFault.master)
    [Anonymous Symbol]                       0x10043014   Section        0  uart.o(.rodata.cst32)
    [Anonymous Symbol]                       0x10043074   Section        0  timer.o(.rodata.cst32)
    [Anonymous Symbol]                       0x10043094   Section        0  main_ns.o(.rodata.str1.1)
    [Anonymous Symbol]                       0x10043124   Section        0  retarget.o(.rodata.str1.1)
    locale$$data                             0x10043304   Section       28  lc_numeric_c.o(locale$$data)
    __lcnum_c_name                           0x10043308   Data           2  lc_numeric_c.o(locale$$data)
    __lcnum_c_start                          0x10043310   Data           0  lc_numeric_c.o(locale$$data)
    __lcnum_c_point                          0x1004331c   Data           0  lc_numeric_c.o(locale$$data)
    __lcnum_c_thousands                      0x1004331e   Data           0  lc_numeric_c.o(locale$$data)
    __lcnum_c_grouping                       0x1004331f   Data           0  lc_numeric_c.o(locale$$data)
    __lcnum_c_end                            0x10043320   Data           0  lc_numeric_c.o(locale$$data)
    locale$$data                             0x10043320   Section      272  lc_ctype_c.o(locale$$data)
    __lcctype_c_name                         0x10043324   Data           2  lc_ctype_c.o(locale$$data)
    __lcctype_c_start                        0x1004332c   Data           0  lc_ctype_c.o(locale$$data)
    __lcctype_c_end                          0x10043430   Data           0  lc_ctype_c.o(locale$$data)
    Stack_Mem                                0x30038010   Data        6144  startup_m2354.o(.STACK)
    .STACK                                   0x30038010   Section     6144  startup_m2354.o(.STACK)
    __initial_sp                             0x30039810   Data           0  startup_m2354.o(.STACK)
    .bss                                     0x30039810   Section       96  libspace.o(.bss)
    Heap_Mem                                 0x300398d0   Data       16384  startup_m2354.o(HEAP)
    HEAP                                     0x300398d0   Section    16384  startup_m2354.o(HEAP)

    Global Symbols

    Symbol Name                              Value     Ov Type        Size  Object(Section)

    BuildAttributes$$THM_ISAv3M$S$8M$PE$A:L22$X:L11$S22$IEEE1$IW$~IW$USESV6$~STKCKD$USESV7$WCHAR32$ENUMINT$~SHL$OTIME$ROPI$IEEEJ$EBA8$UX$STANDARDLIB$REQ8$EABIv2 0x00000000   Number         0  anon$$obj.o ABSOLUTE
    _printf_flags                            0x00000000   Number         0  printf_stubs.o ABSOLUTE
    _printf_return_value                     0x00000000   Number         0  printf_stubs.o ABSOLUTE
    _printf_sizespec                         0x00000000   Number         0  printf_stubs.o ABSOLUTE
    _printf_widthprec                        0x00000000   Number         0  printf_stubs.o ABSOLUTE
    SHT$$ARM_EXIDX$$Base                      - Undefined Reference
    SHT$$ARM_EXIDX$$Limit                     - Undefined Reference
    __ARM_exceptions_init                     - Undefined Weak Reference
    __alloca_initialize                       - Undefined Weak Reference
    __arm_find_exidx_section                  - Undefined Weak Reference
    __arm_preinit_                            - Undefined Weak Reference
    __arm_relocate_pie_                       - Undefined Weak Reference
    __cpp_initialize__aeabi_                  - Undefined Weak Reference
    __cxa_finalize                            - Undefined Weak Reference
    __sigvec_lookup                           - Undefined Weak Reference
    __user_heap_extent                        - Undefined Weak Reference
    _atexit_init                              - Undefined Weak Reference
    _call_atexit_fns                          - Undefined Weak Reference
    _clock_init                               - Undefined Weak Reference
    _fp_trap_init                             - Undefined Weak Reference
    _fp_trap_shutdown                         - Undefined Weak Reference
    _get_lc_collate                           - Undefined Weak Reference
    _get_lc_monetary                          - Undefined Weak Reference
    _get_lc_time                              - Undefined Weak Reference
    _getenv_init                              - Undefined Weak Reference
    _handle_redirection                       - Undefined Weak Reference
    _initio                                   - Undefined Weak Reference
    _mutex_acquire                            - Undefined Weak Reference
    _mutex_free                               - Undefined Weak Reference
    _mutex_release                            - Undefined Weak Reference
    _printf_mbtowc                            - Undefined Weak Reference
    _printf_wc                                - Undefined Weak Reference
    _rand_init                                - Undefined Weak Reference
    _signal_finish                            - Undefined Weak Reference
    _signal_init                              - Undefined Weak Reference
    _terminateio                              - Undefined Weak Reference
    __Vectors_Size                           0x00000210   Number         0  startup_m2354.o ABSOLUTE
    Secure_func                              0x00027281   Thumb Code     8  nsclib_Secure.o ABSOLUTE
    Secure_Free                              0x00027289   Thumb Code     8  nsclib_Secure.o ABSOLUTE
    Secure_BLE_callback                      0x00027291   Thumb Code     8  nsclib_Secure.o ABSOLUTE
    Secure_receive                           0x00027299   Thumb Code     8  nsclib_Secure.o ABSOLUTE
    CLK_GetHXTFreq                           0x000272a1   Thumb Code     8  nsclib_Secure.o ABSOLUTE
    CLK_GetLXTFreq                           0x000272a9   Thumb Code     8  nsclib_Secure.o ABSOLUTE
    CLK_GetHCLKFreq                          0x000272b1   Thumb Code     8  nsclib_Secure.o ABSOLUTE
    CLK_GetPCLK0Freq                         0x000272b9   Thumb Code     8  nsclib_Secure.o ABSOLUTE
    CLK_GetPCLK1Freq                         0x000272c1   Thumb Code     8  nsclib_Secure.o ABSOLUTE
    CLK_GetCPUFreq                           0x000272c9   Thumb Code     8  nsclib_Secure.o ABSOLUTE
    CLK_GetPLLClockFreq                      0x000272d1   Thumb Code     8  nsclib_Secure.o ABSOLUTE
    CLK_GetModuleClockSource                 0x000272d9   Thumb Code     8  nsclib_Secure.o ABSOLUTE
    CLK_GetModuleClockDivider                0x000272e1   Thumb Code     8  nsclib_Secure.o ABSOLUTE
    __Vectors                                0x10040000   Data           4  startup_m2354.o(RESET)
    __Vectors_End                            0x10040210   Data           0  startup_m2354.o(RESET)
    __main                                   0x10040211   Thumb Code     8  __main.o(!!!main)
    __scatterload                            0x10040219   Thumb Code     0  __scatter.o(!!!scatter)
    __scatterload_rt2                        0x10040219   Thumb Code    52  __scatter.o(!!!scatter)
    __scatterload_rt2_thumb_only             0x10040219   Thumb Code     0  __scatter.o(!!!scatter)
    __scatterload_null                       0x10040229   Thumb Code     0  __scatter.o(!!!scatter)
    __scatterload_copy                       0x10040255   Thumb Code    26  __scatter_copy.o(!!handler_copy)
    __scatterload_zeroinit                   0x10040271   Thumb Code    28  __scatter_zi.o(!!handler_zi)
    _printf_percent                          0x1004028d   Thumb Code     0  _printf_percent.o(.ARM.Collect$$_printf_percent$$00000000)
    _printf_n                                0x1004028f   Thumb Code     0  _printf_n.o(.ARM.Collect$$_printf_percent$$00000001)
    _printf_p                                0x10040299   Thumb Code     0  _printf_p.o(.ARM.Collect$$_printf_percent$$00000002)
    _printf_f                                0x100402a3   Thumb Code     0  _printf_f.o(.ARM.Collect$$_printf_percent$$00000003)
    _printf_e                                0x100402ad   Thumb Code     0  _printf_e.o(.ARM.Collect$$_printf_percent$$00000004)
    _printf_g                                0x100402b7   Thumb Code     0  _printf_g.o(.ARM.Collect$$_printf_percent$$00000005)
    _printf_a                                0x100402c1   Thumb Code     0  _printf_a.o(.ARM.Collect$$_printf_percent$$00000006)
    _printf_ll                               0x100402cb   Thumb Code     0  _printf_ll.o(.ARM.Collect$$_printf_percent$$00000007)
    _printf_i                                0x100402d5   Thumb Code     0  _printf_i.o(.ARM.Collect$$_printf_percent$$00000008)
    _printf_d                                0x100402df   Thumb Code     0  _printf_d.o(.ARM.Collect$$_printf_percent$$00000009)
    _printf_u                                0x100402e9   Thumb Code     0  _printf_u.o(.ARM.Collect$$_printf_percent$$0000000A)
    _printf_o                                0x100402f3   Thumb Code     0  _printf_o.o(.ARM.Collect$$_printf_percent$$0000000B)
    _printf_x                                0x100402fd   Thumb Code     0  _printf_x.o(.ARM.Collect$$_printf_percent$$0000000C)
    _printf_lli                              0x10040307   Thumb Code     0  _printf_lli.o(.ARM.Collect$$_printf_percent$$0000000D)
    _printf_lld                              0x10040311   Thumb Code     0  _printf_lld.o(.ARM.Collect$$_printf_percent$$0000000E)
    _printf_llu                              0x1004031b   Thumb Code     0  _printf_llu.o(.ARM.Collect$$_printf_percent$$0000000F)
    _printf_llo                              0x10040325   Thumb Code     0  _printf_llo.o(.ARM.Collect$$_printf_percent$$00000010)
    _printf_llx                              0x1004032f   Thumb Code     0  _printf_llx.o(.ARM.Collect$$_printf_percent$$00000011)
    _printf_l                                0x10040339   Thumb Code     0  _printf_l.o(.ARM.Collect$$_printf_percent$$00000012)
    _printf_c                                0x10040343   Thumb Code     0  _printf_c.o(.ARM.Collect$$_printf_percent$$00000013)
    _printf_s                                0x1004034d   Thumb Code     0  _printf_s.o(.ARM.Collect$$_printf_percent$$00000014)
    _printf_lc                               0x10040357   Thumb Code     0  _printf_lc.o(.ARM.Collect$$_printf_percent$$00000015)
    _printf_ls                               0x10040361   Thumb Code     0  _printf_ls.o(.ARM.Collect$$_printf_percent$$00000016)
    _printf_percent_end                      0x1004036b   Thumb Code     0  _printf_percent_end.o(.ARM.Collect$$_printf_percent$$00000017)
    __rt_lib_init                            0x1004036f   Thumb Code     0  libinit.o(.ARM.Collect$$libinit$$00000000)
    __rt_lib_init_fp_1                       0x10040371   Thumb Code     0  libinit2.o(.ARM.Collect$$libinit$$00000002)
    __rt_lib_init_heap_2                     0x10040371   Thumb Code     0  libinit2.o(.ARM.Collect$$libinit$$00000007)
    __rt_lib_init_preinit_1                  0x10040371   Thumb Code     0  libinit2.o(.ARM.Collect$$libinit$$00000006)
    __rt_lib_init_relocate_pie_1             0x10040371   Thumb Code     0  libinit2.o(.ARM.Collect$$libinit$$00000004)
    __rt_lib_init_heap_1                     0x10040379   Thumb Code     0  libinit2.o(.ARM.Collect$$libinit$$0000000C)
    __rt_lib_init_lc_common                  0x10040379   Thumb Code     0  libinit2.o(.ARM.Collect$$libinit$$00000011)
    __rt_lib_init_rand_1                     0x10040379   Thumb Code     0  libinit2.o(.ARM.Collect$$libinit$$00000010)
    __rt_lib_init_user_alloc_1               0x10040379   Thumb Code     0  libinit2.o(.ARM.Collect$$libinit$$0000000E)
    __rt_lib_init_lc_collate_1               0x1004037f   Thumb Code     0  libinit2.o(.ARM.Collect$$libinit$$00000013)
    __rt_lib_init_lc_ctype_2                 0x1004037f   Thumb Code     0  libinit2.o(.ARM.Collect$$libinit$$00000014)
    __rt_lib_init_lc_ctype_1                 0x1004038b   Thumb Code     0  libinit2.o(.ARM.Collect$$libinit$$00000015)
    __rt_lib_init_lc_monetary_1              0x1004038b   Thumb Code     0  libinit2.o(.ARM.Collect$$libinit$$00000017)
    __rt_lib_init_lc_numeric_2               0x1004038b   Thumb Code     0  libinit2.o(.ARM.Collect$$libinit$$00000018)
    __rt_lib_init_alloca_1                   0x10040395   Thumb Code     0  libinit2.o(.ARM.Collect$$libinit$$00000030)
    __rt_lib_init_argv_1                     0x10040395   Thumb Code     0  libinit2.o(.ARM.Collect$$libinit$$0000002E)
    __rt_lib_init_atexit_1                   0x10040395   Thumb Code     0  libinit2.o(.ARM.Collect$$libinit$$0000001D)
    __rt_lib_init_clock_1                    0x10040395   Thumb Code     0  libinit2.o(.ARM.Collect$$libinit$$00000023)
    __rt_lib_init_cpp_1                      0x10040395   Thumb Code     0  libinit2.o(.ARM.Collect$$libinit$$00000034)
    __rt_lib_init_exceptions_1               0x10040395   Thumb Code     0  libinit2.o(.ARM.Collect$$libinit$$00000032)
    __rt_lib_init_fp_trap_1                  0x10040395   Thumb Code     0  libinit2.o(.ARM.Collect$$libinit$$00000021)
    __rt_lib_init_getenv_1                   0x10040395   Thumb Code     0  libinit2.o(.ARM.Collect$$libinit$$00000025)
    __rt_lib_init_lc_numeric_1               0x10040395   Thumb Code     0  libinit2.o(.ARM.Collect$$libinit$$00000019)
    __rt_lib_init_lc_time_1                  0x10040395   Thumb Code     0  libinit2.o(.ARM.Collect$$libinit$$0000001B)
    __rt_lib_init_return                     0x10040395   Thumb Code     0  libinit2.o(.ARM.Collect$$libinit$$00000035)
    __rt_lib_init_signal_1                   0x10040395   Thumb Code     0  libinit2.o(.ARM.Collect$$libinit$$0000001F)
    __rt_lib_init_stdio_1                    0x10040395   Thumb Code     0  libinit2.o(.ARM.Collect$$libinit$$00000027)
    __rt_lib_shutdown                        0x10040397   Thumb Code     0  libshutdown.o(.ARM.Collect$$libshutdown$$00000000)
    __rt_lib_shutdown_cpp_1                  0x10040399   Thumb Code     0  libshutdown2.o(.ARM.Collect$$libshutdown$$00000002)
    __rt_lib_shutdown_fp_trap_1              0x10040399   Thumb Code     0  libshutdown2.o(.ARM.Collect$$libshutdown$$00000007)
    __rt_lib_shutdown_heap_1                 0x10040399   Thumb Code     0  libshutdown2.o(.ARM.Collect$$libshutdown$$0000000F)
    __rt_lib_shutdown_return                 0x10040399   Thumb Code     0  libshutdown2.o(.ARM.Collect$$libshutdown$$00000010)
    __rt_lib_shutdown_signal_1               0x10040399   Thumb Code     0  libshutdown2.o(.ARM.Collect$$libshutdown$$0000000A)
    __rt_lib_shutdown_stdio_1                0x10040399   Thumb Code     0  libshutdown2.o(.ARM.Collect$$libshutdown$$00000004)
    __rt_lib_shutdown_user_alloc_1           0x10040399   Thumb Code     0  libshutdown2.o(.ARM.Collect$$libshutdown$$0000000C)
    __rt_entry                               0x1004039b   Thumb Code     0  __rtentry.o(.ARM.Collect$$rtentry$$00000000)
    __rt_entry_presh_1                       0x1004039b   Thumb Code     0  __rtentry2.o(.ARM.Collect$$rtentry$$00000002)
    __rt_entry_sh                            0x1004039b   Thumb Code     0  __rtentry4.o(.ARM.Collect$$rtentry$$00000004)
    __rt_entry_li                            0x100403a1   Thumb Code     0  __rtentry2.o(.ARM.Collect$$rtentry$$0000000A)
    __rt_entry_postsh_1                      0x100403a1   Thumb Code     0  __rtentry2.o(.ARM.Collect$$rtentry$$00000009)
    __rt_entry_main                          0x100403a5   Thumb Code     0  __rtentry2.o(.ARM.Collect$$rtentry$$0000000D)
    __rt_entry_postli_1                      0x100403a5   Thumb Code     0  __rtentry2.o(.ARM.Collect$$rtentry$$0000000C)
    __rt_exit                                0x100403ad   Thumb Code     0  rtexit.o(.ARM.Collect$$rtexit$$00000000)
    __rt_exit_ls                             0x100403af   Thumb Code     0  rtexit2.o(.ARM.Collect$$rtexit$$00000003)
    __rt_exit_prels_1                        0x100403af   Thumb Code     0  rtexit2.o(.ARM.Collect$$rtexit$$00000002)
    __rt_exit_exit                           0x100403b3   Thumb Code     0  rtexit2.o(.ARM.Collect$$rtexit$$00000004)
    __aeabi_memcpy4                          0x100403b9   Thumb Code    56  rt_memcpy.o(.emb_text)
    __aeabi_memcpy8                          0x100403b9   Thumb Code     0  rt_memcpy.o(.emb_text)
    Reset_Handler                            0x100403f1   Thumb Code     8  startup_m2354.o(.text)
    NMI_Handler                              0x100403f9   Thumb Code     2  startup_m2354.o(.text)
    HardFault_Handler                        0x100403fb   Thumb Code    16  startup_m2354.o(.text)
    ProcessHardFaultx                        0x1004040b   Thumb Code     2  startup_m2354.o(.text)
    SVC_Handler                              0x1004040d   Thumb Code     2  startup_m2354.o(.text)
    PendSV_Handler                           0x1004040f   Thumb Code     2  startup_m2354.o(.text)
    SysTick_Handler                          0x10040411   Thumb Code     2  startup_m2354.o(.text)
    ACMP01_IRQHandler                        0x10040413   Thumb Code     0  startup_m2354.o(.text)
    BOD_IRQHandler                           0x10040413   Thumb Code     0  startup_m2354.o(.text)
    BPWM0_IRQHandler                         0x10040413   Thumb Code     0  startup_m2354.o(.text)
    BPWM1_IRQHandler                         0x10040413   Thumb Code     0  startup_m2354.o(.text)
    BRAKE0_IRQHandler                        0x10040413   Thumb Code     0  startup_m2354.o(.text)
    BRAKE1_IRQHandler                        0x10040413   Thumb Code     0  startup_m2354.o(.text)
    CAN0_IRQHandler                          0x10040413   Thumb Code     0  startup_m2354.o(.text)
    CAN1_IRQHandler                          0x10040413   Thumb Code     0  startup_m2354.o(.text)
    CLKFAIL_IRQHandler                       0x10040413   Thumb Code     0  startup_m2354.o(.text)
    CRPT_IRQHandler                          0x10040413   Thumb Code     0  startup_m2354.o(.text)
    DAC_IRQHandler                           0x10040413   Thumb Code     0  startup_m2354.o(.text)
    DEFAULT_IRQHandler                       0x10040413   Thumb Code     0  startup_m2354.o(.text)
    EADC0_IRQHandler                         0x10040413   Thumb Code     0  startup_m2354.o(.text)
    EADC1_IRQHandler                         0x10040413   Thumb Code     0  startup_m2354.o(.text)
    EADC2_IRQHandler                         0x10040413   Thumb Code     0  startup_m2354.o(.text)
    EADC3_IRQHandler                         0x10040413   Thumb Code     0  startup_m2354.o(.text)
    ECAP0_IRQHandler                         0x10040413   Thumb Code     0  startup_m2354.o(.text)
    ECAP1_IRQHandler                         0x10040413   Thumb Code     0  startup_m2354.o(.text)
    EINT0_IRQHandler                         0x10040413   Thumb Code     0  startup_m2354.o(.text)
    EINT1_IRQHandler                         0x10040413   Thumb Code     0  startup_m2354.o(.text)
    EINT2_IRQHandler                         0x10040413   Thumb Code     0  startup_m2354.o(.text)
    EINT3_IRQHandler                         0x10040413   Thumb Code     0  startup_m2354.o(.text)
    EINT4_IRQHandler                         0x10040413   Thumb Code     0  startup_m2354.o(.text)
    EINT5_IRQHandler                         0x10040413   Thumb Code     0  startup_m2354.o(.text)
    EINT6_IRQHandler                         0x10040413   Thumb Code     0  startup_m2354.o(.text)
    EINT7_IRQHandler                         0x10040413   Thumb Code     0  startup_m2354.o(.text)
    EPWM0_P0_IRQHandler                      0x10040413   Thumb Code     0  startup_m2354.o(.text)
    EPWM0_P1_IRQHandler                      0x10040413   Thumb Code     0  startup_m2354.o(.text)
    EPWM0_P2_IRQHandler                      0x10040413   Thumb Code     0  startup_m2354.o(.text)
    EPWM1_P0_IRQHandler                      0x10040413   Thumb Code     0  startup_m2354.o(.text)
    EPWM1_P1_IRQHandler                      0x10040413   Thumb Code     0  startup_m2354.o(.text)
    EPWM1_P2_IRQHandler                      0x10040413   Thumb Code     0  startup_m2354.o(.text)
    EWDT_IRQHandler                          0x10040413   Thumb Code     0  startup_m2354.o(.text)
    EWWDT_IRQHandler                         0x10040413   Thumb Code     0  startup_m2354.o(.text)
    GPA_IRQHandler                           0x10040413   Thumb Code     0  startup_m2354.o(.text)
    GPB_IRQHandler                           0x10040413   Thumb Code     0  startup_m2354.o(.text)
    GPC_IRQHandler                           0x10040413   Thumb Code     0  startup_m2354.o(.text)
    GPD_IRQHandler                           0x10040413   Thumb Code     0  startup_m2354.o(.text)
    GPE_IRQHandler                           0x10040413   Thumb Code     0  startup_m2354.o(.text)
    GPF_IRQHandler                           0x10040413   Thumb Code     0  startup_m2354.o(.text)
    GPG_IRQHandler                           0x10040413   Thumb Code     0  startup_m2354.o(.text)
    GPH_IRQHandler                           0x10040413   Thumb Code     0  startup_m2354.o(.text)
    I2C0_IRQHandler                          0x10040413   Thumb Code     0  startup_m2354.o(.text)
    I2C1_IRQHandler                          0x10040413   Thumb Code     0  startup_m2354.o(.text)
    I2C2_IRQHandler                          0x10040413   Thumb Code     0  startup_m2354.o(.text)
    I2S0_IRQHandler                          0x10040413   Thumb Code     0  startup_m2354.o(.text)
    IRC_IRQHandler                           0x10040413   Thumb Code     0  startup_m2354.o(.text)
    KS_IRQHandler                            0x10040413   Thumb Code     0  startup_m2354.o(.text)
    LCD_IRQHandler                           0x10040413   Thumb Code     0  startup_m2354.o(.text)
    NS_ISP_IRQHandler                        0x10040413   Thumb Code     0  startup_m2354.o(.text)
    OPA0_IRQHandler                          0x10040413   Thumb Code     0  startup_m2354.o(.text)
    PDMA0_IRQHandler                         0x10040413   Thumb Code     0  startup_m2354.o(.text)
    PDMA1_IRQHandler                         0x10040413   Thumb Code     0  startup_m2354.o(.text)
    PWRWU_IRQHandler                         0x10040413   Thumb Code     0  startup_m2354.o(.text)
    QEI0_IRQHandler                          0x10040413   Thumb Code     0  startup_m2354.o(.text)
    QEI1_IRQHandler                          0x10040413   Thumb Code     0  startup_m2354.o(.text)
    QSPI0_IRQHandler                         0x10040413   Thumb Code     0  startup_m2354.o(.text)
    RTC_IRQHandler                           0x10040413   Thumb Code     0  startup_m2354.o(.text)
    RTC_TAMPER_IRQHandler                    0x10040413   Thumb Code     0  startup_m2354.o(.text)
    SC0_IRQHandler                           0x10040413   Thumb Code     0  startup_m2354.o(.text)
    SC1_IRQHandler                           0x10040413   Thumb Code     0  startup_m2354.o(.text)
    SC2_IRQHandler                           0x10040413   Thumb Code     0  startup_m2354.o(.text)
    SC3_IRQHandler                           0x10040413   Thumb Code     0  startup_m2354.o(.text)
    SDH0_IRQHandler                          0x10040413   Thumb Code     0  startup_m2354.o(.text)
    SDH1_IRQHandler                          0x10040413   Thumb Code     0  startup_m2354.o(.text)
    SPI0_IRQHandler                          0x10040413   Thumb Code     0  startup_m2354.o(.text)
    SPI1_IRQHandler                          0x10040413   Thumb Code     0  startup_m2354.o(.text)
    SPI2_IRQHandler                          0x10040413   Thumb Code     0  startup_m2354.o(.text)
    SPI3_IRQHandler                          0x10040413   Thumb Code     0  startup_m2354.o(.text)
    SRAM_IRQHandler                          0x10040413   Thumb Code     0  startup_m2354.o(.text)
    TAMPER_IRQHandler                        0x10040413   Thumb Code     0  startup_m2354.o(.text)
    TMR0_IRQHandler                          0x10040413   Thumb Code     0  startup_m2354.o(.text)
    TMR1_IRQHandler                          0x10040413   Thumb Code     0  startup_m2354.o(.text)
    TMR2_IRQHandler                          0x10040413   Thumb Code     0  startup_m2354.o(.text)
    TMR3_IRQHandler                          0x10040413   Thumb Code     0  startup_m2354.o(.text)
    TMR4_IRQHandler                          0x10040413   Thumb Code     0  startup_m2354.o(.text)
    TMR5_IRQHandler                          0x10040413   Thumb Code     0  startup_m2354.o(.text)
    TRNG_IRQHandler                          0x10040413   Thumb Code     0  startup_m2354.o(.text)
    UART0_IRQHandler                         0x10040413   Thumb Code     0  startup_m2354.o(.text)
    UART2_IRQHandler                         0x10040413   Thumb Code     0  startup_m2354.o(.text)
    UART3_IRQHandler                         0x10040413   Thumb Code     0  startup_m2354.o(.text)
    UART4_IRQHandler                         0x10040413   Thumb Code     0  startup_m2354.o(.text)
    UART5_IRQHandler                         0x10040413   Thumb Code     0  startup_m2354.o(.text)
    USBD_IRQHandler                          0x10040413   Thumb Code     0  startup_m2354.o(.text)
    USBH_IRQHandler                          0x10040413   Thumb Code     0  startup_m2354.o(.text)
    USBOTG_IRQHandler                        0x10040413   Thumb Code     0  startup_m2354.o(.text)
    USCI0_IRQHandler                         0x10040413   Thumb Code     0  startup_m2354.o(.text)
    USCI1_IRQHandler                         0x10040413   Thumb Code     0  startup_m2354.o(.text)
    WDT_IRQHandler                           0x10040413   Thumb Code     0  startup_m2354.o(.text)
    WWDT_IRQHandler                          0x10040413   Thumb Code     0  startup_m2354.o(.text)
    __user_initial_stackheap                 0x10040415   Thumb Code    10  startup_m2354.o(.text)
    SH_DoCommand                             0x10040421   Thumb Code    10  startup_m2354.o(.text)
    __PC                                     0x1004042b   Thumb Code     6  startup_m2354.o(.text)
    SPD_Return                               0x10040431   Thumb Code    24  startup_m2354.o(.text)
    __use_no_semihosting                     0x10040475   Thumb Code     2  use_no_semi_2.o(.text)
    malloc                                   0x10040477   Thumb Code    98  h1_alloc.o(.text)
    free                                     0x100404d9   Thumb Code    76  h1_free.o(.text)
    printf                                   0x10040525   Thumb Code    22  printf.o(.text)
    sprintf                                  0x10040541   Thumb Code    40  sprintf.o(.text)
    __aeabi_memcpy                           0x1004056d   Thumb Code   130  rt_memcpy.o(.text)
    __rt_memcpy                              0x1004056d   Thumb Code     0  rt_memcpy.o(.text)
    __use_two_region_memory                  0x100405ef   Thumb Code     2  heapauxi.o(.text)
    __rt_heap_escrow                         0x100405f1   Thumb Code     2  heapauxi.o(.text)
    __rt_heap_expand                         0x100405f3   Thumb Code     2  heapauxi.o(.text)
    __I$use$semihosting                      0x100405f5   Thumb Code     0  use_no_semi.o(.text)
    __use_no_semihosting_swi                 0x100405f5   Thumb Code     2  use_no_semi.o(.text)
    __rt_heap_descriptor                     0x100405f9   Thumb Code     8  rt_heap_descriptor_intlibspace.o(.text)
    __use_no_heap                            0x10040601   Thumb Code     2  hguard.o(.text)
    __heap$guard                             0x10040603   Thumb Code     2  hguard.o(.text)
    _terminate_user_alloc                    0x10040605   Thumb Code     2  init_alloc.o(.text)
    _init_user_alloc                         0x10040607   Thumb Code     2  init_alloc.o(.text)
    __Heap_Full                              0x10040609   Thumb Code    32  init_alloc.o(.text)
    __Heap_Broken                            0x10040629   Thumb Code    10  init_alloc.o(.text)
    _init_alloc                              0x10040633   Thumb Code    90  init_alloc.o(.text)
    __Heap_Initialize                        0x1004068d   Thumb Code    10  h1_init.o(.text)
    __Heap_DescSize                          0x10040697   Thumb Code     4  h1_init.o(.text)
    _printf_pre_padding                      0x1004069b   Thumb Code    44  _printf_pad.o(.text)
    _printf_post_padding                     0x100406c7   Thumb Code    34  _printf_pad.o(.text)
    _printf_truncate_signed                  0x100406e9   Thumb Code    18  _printf_truncate.o(.text)
    _printf_truncate_unsigned                0x100406fb   Thumb Code    18  _printf_truncate.o(.text)
    _printf_str                              0x1004070d   Thumb Code    82  _printf_str.o(.text)
    _printf_int_dec                          0x10040761   Thumb Code    90  _printf_dec.o(.text)
    _printf_charcount                        0x100407cd   Thumb Code    38  _printf_charcount.o(.text)
    _printf_char_common                      0x100407ff   Thumb Code    32  _printf_char_common.o(.text)
    _sputc                                   0x10040825   Thumb Code    10  _sputc.o(.text)
    _printf_char_file                        0x10040831   Thumb Code    34  _printf_char_file.o(.text)
    _printf_wctomb                           0x10040859   Thumb Code   182  _printf_wctomb.o(.text)
    _printf_longlong_dec                     0x10040915   Thumb Code    94  _printf_longlong_dec.o(.text)
    _printf_longlong_oct                     0x10040985   Thumb Code    68  _printf_oct_int_ll.o(.text)
    _printf_int_oct                          0x100409c9   Thumb Code    24  _printf_oct_int_ll.o(.text)
    _printf_ll_oct                           0x100409e1   Thumb Code    10  _printf_oct_int_ll.o(.text)
    _printf_longlong_hex                     0x100409f5   Thumb Code    88  _printf_hex_int_ll_ptr.o(.text)
    _printf_int_hex                          0x10040a4d   Thumb Code    28  _printf_hex_int_ll_ptr.o(.text)
    _printf_ll_hex                           0x10040a69   Thumb Code    10  _printf_hex_int_ll_ptr.o(.text)
    _printf_hex_ptr                          0x10040a73   Thumb Code    22  _printf_hex_int_ll_ptr.o(.text)
    __printf                                 0x10040a8d   Thumb Code   386  __printf_flags_ss_wp.o(.text)
    __aeabi_uidiv                            0x10040c15   Thumb Code     0  aeabi_sdiv.o(.text)
    __aeabi_uidivmod                         0x10040c15   Thumb Code    20  aeabi_sdiv.o(.text)
    __aeabi_idiv                             0x10040c29   Thumb Code     0  aeabi_sdiv.o(.text)
    __aeabi_idivmod                          0x10040c29   Thumb Code   338  aeabi_sdiv.o(.text)
    __user_libspace                          0x10040d81   Thumb Code     8  libspace.o(.text)
    __user_perproc_libspace                  0x10040d81   Thumb Code     0  libspace.o(.text)
    __user_perthread_libspace                0x10040d81   Thumb Code     0  libspace.o(.text)
    __Heap_ProvideMemory                     0x10040d89   Thumb Code    52  h1_extend.o(.text)
    _maybe_terminate_alloc                   0x10040d89   Thumb Code     0  maybetermalloc1.o(.text)
    _ll_udiv10                               0x10040dbd   Thumb Code   122  lludiv10.o(.text)
    _printf_int_common                       0x10040e37   Thumb Code   176  _printf_intcommon.o(.text)
    _printf_fp_dec_real                      0x10041085   Thumb Code   620  _printf_fp_dec.o(.text)
    _printf_fp_hex_real                      0x100412fd   Thumb Code   718  _printf_fp_hex.o(.text)
    _printf_cs_common                        0x100415d5   Thumb Code    22  _printf_char.o(.text)
    _printf_char                             0x100415eb   Thumb Code    16  _printf_char.o(.text)
    _printf_string                           0x100415fb   Thumb Code     8  _printf_char.o(.text)
    _printf_lcs_common                       0x10041603   Thumb Code    22  _printf_wchar.o(.text)
    _printf_wchar                            0x10041619   Thumb Code    16  _printf_wchar.o(.text)
    _printf_wstring                          0x10041629   Thumb Code     8  _printf_wchar.o(.text)
    _c32rtomb                                0x10041631   Thumb Code    66  _c32rtomb.o(.text)
    _wcrtomb                                 0x10041631   Thumb Code     0  _c32rtomb.o(.text)
    __rt_SIGRTMEM                            0x10041673   Thumb Code    12  defsig_rtmem_outer.o(.text)
    __rt_udiv10                              0x1004167f   Thumb Code    40  rtudiv10.o(.text)
    __user_setup_stackheap                   0x100416a7   Thumb Code    62  sys_stackheap_outer.o(.text)
    __rt_ctype_table                         0x100416e5   Thumb Code    16  rt_ctype_table.o(.text)
    __rt_locale                              0x100416f5   Thumb Code     8  rt_locale_intlibspace.o(.text)
    _printf_fp_infnan                        0x100416fd   Thumb Code   120  _printf_fp_infnan.o(.text)
    _btod_etento                             0x10041785   Thumb Code   210  bigflt0.o(.text)
    _btod_d2e                                0x1004185d   Thumb Code    64  btod.o(.text)
    _btod_emul                               0x10041c91   Thumb Code    28  btod.o(.text)
    _btod_emuld                              0x10041cad   Thumb Code   144  btod.o(.text)
    _btod_ediv                               0x10041d3d   Thumb Code    26  btod.o(.text)
    _btod_edivd                              0x10041d57   Thumb Code   124  btod.o(.text)
    exit                                     0x10041ddd   Thumb Code    16  exit.o(.text)
    __sig_exit                               0x10041ded   Thumb Code    12  defsig_exit.o(.text)
    __rt_SIGRTMEM_inner                      0x10041df9   Thumb Code    22  defsig_rtmem_inner.o(.text)
    __default_signal_display                 0x10041e49   Thumb Code    52  defsig_general.o(.text)
    strcmp                                   0x10041e7d   Thumb Code   132  strcmp.o(.text)
    BLE_Init                                 0x10041f05   Thumb Code    28  main_ns.o(.text.BLE_Init)
    BLE_SendCommand                          0x10041f31   Thumb Code   124  main_ns.o(.text.BLE_SendCommand)
    BLE_SendMessage                          0x10041fb1   Thumb Code    40  main_ns.o(.text.BLE_SendMessage)
    DEBUG_PORT_Init                          0x10042029   Thumb Code    16  main_ns.o(.text.DEBUG_PORT_Init)
    Execution_Time_Measurement               0x10042045   Thumb Code   108  main_ns.o(.text.Execution_Time_Measurement)
    FreeMSG                                  0x100420cd   Thumb Code    80  main_ns.o(.text.FreeMSG)
    NonSecure_BLE_send                       0x1004212d   Thumb Code    22  main_ns.o(.text.NonSecure_BLE_send)
    ProcessHardFault                         0x10042145   Thumb Code   780  retarget.o(.text.ProcessHardFault)
    ReceiveMessage                           0x100424a9   Thumb Code   100  main_ns.o(.text.ReceiveMessage)
    SCU_IRQHandler                           0x10042515   Thumb Code     4  system_m2354.o(.text.SCU_IRQHandler)
    SH_Return                                0x10042519   Thumb Code    14  retarget.o(.text.SH_Return)
    SendChar                                 0x10042527   Thumb Code    16  retarget.o(.text.SendChar)
    SendChar_ToUART                          0x10042539   Thumb Code    64  retarget.o(.text.SendChar_ToUART)
    SystemInit                               0x10042579   Thumb Code    72  system_m2354.o(.text.SystemInit)
    TIMER_GetModuleClock                     0x100425e5   Thumb Code   308  timer.o(.text.TIMER_GetModuleClock)
    TIMER_Open                               0x10042759   Thumb Code   114  timer.o(.text.TIMER_Open)
    TIMER_ResetCounter                       0x100427cd   Thumb Code   108  timer.o(.text.TIMER_ResetCounter)
    UART1_IRQHandler                         0x10042851   Thumb Code   192  main_ns.o(.text.UART1_IRQHandler)
    UART1_Interrupt_Enable                   0x10042925   Thumb Code    20  main_ns.o(.text.UART1_Interrupt_Enable)
    UART_EnableFlowCtrl                      0x1004293d   Thumb Code    44  uart.o(.text.UART_EnableFlowCtrl)
    UART_EnableInt                           0x10042969   Thumb Code    20  uart.o(.text.UART_EnableInt)
    UART_Open                                0x1004297d   Thumb Code   520  uart.o(.text.UART_Open)
    UART_SetTimeoutCnt                       0x10042bd5   Thumb Code    38  uart.o(.text.UART_SetTimeoutCnt)
    _sys_exit                                0x10042c29   Thumb Code     8  retarget.o(.text._sys_exit)
    _ttywrch                                 0x10042c31   Thumb Code    16  retarget.o(.text._ttywrch)
    ferror                                   0x10042c41   Thumb Code    12  retarget.o(.text.ferror)
    fputc                                    0x10042c4d   Thumb Code    20  retarget.o(.text.fputc)
    main                                     0x10042c61   Thumb Code   176  main_ns.o(.text.main)
    Long Thumb to Thumb Veneer to Secure_func 0x10042d2d   Thumb Code    12  anon$$obj.o(Veneer$$Code)
    Long Thumb to Thumb Veneer to CLK_GetModuleClockSource 0x10042d39   Thumb Code    12  anon$$obj.o(Veneer$$Code)
    Long Thumb to Thumb Veneer to CLK_GetPCLK0Freq 0x10042d45   Thumb Code    12  anon$$obj.o(Veneer$$Code)
    Long Thumb to Thumb Veneer to CLK_GetPCLK1Freq 0x10042d51   Thumb Code    12  anon$$obj.o(Veneer$$Code)
    Long Thumb to Thumb Veneer to CLK_GetModuleClockDivider 0x10042d5d   Thumb Code    12  anon$$obj.o(Veneer$$Code)
    Long Thumb to Thumb Veneer to CLK_GetPLLClockFreq 0x10042d69   Thumb Code    12  anon$$obj.o(Veneer$$Code)
    Long Thumb to Thumb Veneer to Secure_BLE_callback 0x10042d75   Thumb Code    12  anon$$obj.o(Veneer$$Code)
    Long Thumb to Thumb Veneer to Secure_Free 0x10042d81   Thumb Code    12  anon$$obj.o(Veneer$$Code)
    Long Thumb to Thumb Veneer to Secure_receive 0x10042d8d   Thumb Code    12  anon$$obj.o(Veneer$$Code)
    __ARM_common_ll_muluu                    0x10042d99   Thumb Code    48  btod.o(i.__ARM_common_ll_muluu)
    __ARM_fpclassify                         0x10042dc9   Thumb Code    40  fpclassify.o(i.__ARM_fpclassify)
    _is_digit                                0x10042df5   Thumb Code    14  __printf_wp.o(i._is_digit)
    _get_lc_numeric                          0x10042e05   Thumb Code    44  lc_numeric_c.o(locale$$code)
    _get_lc_ctype                            0x10042e31   Thumb Code    44  lc_ctype_c.o(locale$$code)
    _printf_fp_dec                           0x10042e5d   Thumb Code    16  printf1.o(x$fpl$printf1)
    _printf_fp_hex                           0x10042e6d   Thumb Code    16  printf2.o(x$fpl$printf2)
    __I$use$fp                               0x10042e7c   Number         0  usenofp.o(x$fpl$usenofp)
    Region$$Table$$Base                      0x100432e4   Number         0  anon$$obj.o(Region$$Table)
    Region$$Table$$Limit                     0x10043304   Number         0  anon$$obj.o(Region$$Table)
    __ctype                                  0x1004332d   Data           0  lc_ctype_c.o(locale$$data)
    __ARM_use_no_argv                        0x30038000   Data           4  main_ns.o(.ARM.use_no_argv)
    CyclesPerUs                              0x30038004   Data           4  system_m2354.o(.data.CyclesPerUs)
    SystemCoreClock                          0x30038008   Data           4  system_m2354.o(.data.SystemCoreClock)
    read_flag                                0x3003800c   Data           4  main_ns.o(.data.read_flag)
    __libspace_start                         0x30039810   Data          96  libspace.o(.bss)
    __stdout                                 0x30039870   Data          84  retarget.o(.bss.__stdout)
    __temporary_stack_top$libspace           0x30039870   Data           0  libspace.o(.bss)
    g_u32comRtail                            0x300398c4   Data           4  main_ns.o(.bss.g_u32comRtail)
    received_msg                             0x300398c8   Data           4  main_ns.o(.bss.received_msg)



==============================================================================

Memory Map of the image

  Image Entry point : 0x10040211

  Load Region LR_ROM (Base: 0x10040000, Size: 0x00003440, Max: 0xffffffff, ABSOLUTE)

    Execution Region EXE_ROM (Exec base: 0x10040000, Load base: 0x10040000, Size: 0x00003430, Max: 0xffffffff, ABSOLUTE)

    Exec Addr    Load Addr    Size         Type   Attr      Idx    E Section Name        Object

    0x10040000   0x10040000   0x00000210   Data   RO           19    RESET               startup_m2354.o
    0x10040210   0x10040210   0x00000008   Code   RO          278  * !!!main             c_pu.l(__main.o)
    0x10040218   0x10040218   0x0000003c   Code   RO          773    !!!scatter          c_pu.l(__scatter.o)
    0x10040254   0x10040254   0x0000001a   Code   RO          775    !!handler_copy      c_pu.l(__scatter_copy.o)
    0x1004026e   0x1004026e   0x00000002   PAD
    0x10040270   0x10040270   0x0000001c   Code   RO          777    !!handler_zi        c_pu.l(__scatter_zi.o)
    0x1004028c   0x1004028c   0x00000002   Code   RO          431    .ARM.Collect$$_printf_percent$$00000000  c_pu.l(_printf_percent.o)
    0x1004028e   0x1004028e   0x0000000a   Code   RO          420    .ARM.Collect$$_printf_percent$$00000001  c_pu.l(_printf_n.o)
    0x10040298   0x10040298   0x0000000a   Code   RO          422    .ARM.Collect$$_printf_percent$$00000002  c_pu.l(_printf_p.o)
    0x100402a2   0x100402a2   0x0000000a   Code   RO          427    .ARM.Collect$$_printf_percent$$00000003  c_pu.l(_printf_f.o)
    0x100402ac   0x100402ac   0x0000000a   Code   RO          428    .ARM.Collect$$_printf_percent$$00000004  c_pu.l(_printf_e.o)
    0x100402b6   0x100402b6   0x0000000a   Code   RO          429    .ARM.Collect$$_printf_percent$$00000005  c_pu.l(_printf_g.o)
    0x100402c0   0x100402c0   0x0000000a   Code   RO          430    .ARM.Collect$$_printf_percent$$00000006  c_pu.l(_printf_a.o)
    0x100402ca   0x100402ca   0x0000000a   Code   RO          435    .ARM.Collect$$_printf_percent$$00000007  c_pu.l(_printf_ll.o)
    0x100402d4   0x100402d4   0x0000000a   Code   RO          424    .ARM.Collect$$_printf_percent$$00000008  c_pu.l(_printf_i.o)
    0x100402de   0x100402de   0x0000000a   Code   RO          425    .ARM.Collect$$_printf_percent$$00000009  c_pu.l(_printf_d.o)
    0x100402e8   0x100402e8   0x0000000a   Code   RO          426    .ARM.Collect$$_printf_percent$$0000000A  c_pu.l(_printf_u.o)
    0x100402f2   0x100402f2   0x0000000a   Code   RO          423    .ARM.Collect$$_printf_percent$$0000000B  c_pu.l(_printf_o.o)
    0x100402fc   0x100402fc   0x0000000a   Code   RO          421    .ARM.Collect$$_printf_percent$$0000000C  c_pu.l(_printf_x.o)
    0x10040306   0x10040306   0x0000000a   Code   RO          432    .ARM.Collect$$_printf_percent$$0000000D  c_pu.l(_printf_lli.o)
    0x10040310   0x10040310   0x0000000a   Code   RO          433    .ARM.Collect$$_printf_percent$$0000000E  c_pu.l(_printf_lld.o)
    0x1004031a   0x1004031a   0x0000000a   Code   RO          434    .ARM.Collect$$_printf_percent$$0000000F  c_pu.l(_printf_llu.o)
    0x10040324   0x10040324   0x0000000a   Code   RO          439    .ARM.Collect$$_printf_percent$$00000010  c_pu.l(_printf_llo.o)
    0x1004032e   0x1004032e   0x0000000a   Code   RO          440    .ARM.Collect$$_printf_percent$$00000011  c_pu.l(_printf_llx.o)
    0x10040338   0x10040338   0x0000000a   Code   RO          436    .ARM.Collect$$_printf_percent$$00000012  c_pu.l(_printf_l.o)
    0x10040342   0x10040342   0x0000000a   Code   RO          418    .ARM.Collect$$_printf_percent$$00000013  c_pu.l(_printf_c.o)
    0x1004034c   0x1004034c   0x0000000a   Code   RO          419    .ARM.Collect$$_printf_percent$$00000014  c_pu.l(_printf_s.o)
    0x10040356   0x10040356   0x0000000a   Code   RO          437    .ARM.Collect$$_printf_percent$$00000015  c_pu.l(_printf_lc.o)
    0x10040360   0x10040360   0x0000000a   Code   RO          438    .ARM.Collect$$_printf_percent$$00000016  c_pu.l(_printf_ls.o)
    0x1004036a   0x1004036a   0x00000004   Code   RO          628    .ARM.Collect$$_printf_percent$$00000017  c_pu.l(_printf_percent_end.o)
    0x1004036e   0x1004036e   0x00000002   Code   RO          699    .ARM.Collect$$libinit$$00000000  c_pu.l(libinit.o)
    0x10040370   0x10040370   0x00000000   Code   RO          450    .ARM.Collect$$libinit$$00000002  c_pu.l(libinit2.o)
    0x10040370   0x10040370   0x00000000   Code   RO          452    .ARM.Collect$$libinit$$00000004  c_pu.l(libinit2.o)
    0x10040370   0x10040370   0x00000000   Code   RO          454    .ARM.Collect$$libinit$$00000006  c_pu.l(libinit2.o)
    0x10040370   0x10040370   0x00000008   Code   RO          455    .ARM.Collect$$libinit$$00000007  c_pu.l(libinit2.o)
    0x10040378   0x10040378   0x00000000   Code   RO          457    .ARM.Collect$$libinit$$0000000C  c_pu.l(libinit2.o)
    0x10040378   0x10040378   0x00000000   Code   RO          459    .ARM.Collect$$libinit$$0000000E  c_pu.l(libinit2.o)
    0x10040378   0x10040378   0x00000000   Code   RO          461    .ARM.Collect$$libinit$$00000010  c_pu.l(libinit2.o)
    0x10040378   0x10040378   0x00000006   Code   RO          462    .ARM.Collect$$libinit$$00000011  c_pu.l(libinit2.o)
    0x1004037e   0x1004037e   0x00000000   Code   RO          464    .ARM.Collect$$libinit$$00000013  c_pu.l(libinit2.o)
    0x1004037e   0x1004037e   0x0000000c   Code   RO          465    .ARM.Collect$$libinit$$00000014  c_pu.l(libinit2.o)
    0x1004038a   0x1004038a   0x00000000   Code   RO          466    .ARM.Collect$$libinit$$00000015  c_pu.l(libinit2.o)
    0x1004038a   0x1004038a   0x00000000   Code   RO          468    .ARM.Collect$$libinit$$00000017  c_pu.l(libinit2.o)
    0x1004038a   0x1004038a   0x0000000a   Code   RO          469    .ARM.Collect$$libinit$$00000018  c_pu.l(libinit2.o)
    0x10040394   0x10040394   0x00000000   Code   RO          470    .ARM.Collect$$libinit$$00000019  c_pu.l(libinit2.o)
    0x10040394   0x10040394   0x00000000   Code   RO          472    .ARM.Collect$$libinit$$0000001B  c_pu.l(libinit2.o)
    0x10040394   0x10040394   0x00000000   Code   RO          474    .ARM.Collect$$libinit$$0000001D  c_pu.l(libinit2.o)
    0x10040394   0x10040394   0x00000000   Code   RO          476    .ARM.Collect$$libinit$$0000001F  c_pu.l(libinit2.o)
    0x10040394   0x10040394   0x00000000   Code   RO          478    .ARM.Collect$$libinit$$00000021  c_pu.l(libinit2.o)
    0x10040394   0x10040394   0x00000000   Code   RO          480    .ARM.Collect$$libinit$$00000023  c_pu.l(libinit2.o)
    0x10040394   0x10040394   0x00000000   Code   RO          482    .ARM.Collect$$libinit$$00000025  c_pu.l(libinit2.o)
    0x10040394   0x10040394   0x00000000   Code   RO          484    .ARM.Collect$$libinit$$00000027  c_pu.l(libinit2.o)
    0x10040394   0x10040394   0x00000000   Code   RO          488    .ARM.Collect$$libinit$$0000002E  c_pu.l(libinit2.o)
    0x10040394   0x10040394   0x00000000   Code   RO          490    .ARM.Collect$$libinit$$00000030  c_pu.l(libinit2.o)
    0x10040394   0x10040394   0x00000000   Code   RO          492    .ARM.Collect$$libinit$$00000032  c_pu.l(libinit2.o)
    0x10040394   0x10040394   0x00000000   Code   RO          494    .ARM.Collect$$libinit$$00000034  c_pu.l(libinit2.o)
    0x10040394   0x10040394   0x00000002   Code   RO          495    .ARM.Collect$$libinit$$00000035  c_pu.l(libinit2.o)
    0x10040396   0x10040396   0x00000002   Code   RO          770    .ARM.Collect$$libshutdown$$00000000  c_pu.l(libshutdown.o)
    0x10040398   0x10040398   0x00000000   Code   RO          728    .ARM.Collect$$libshutdown$$00000002  c_pu.l(libshutdown2.o)
    0x10040398   0x10040398   0x00000000   Code   RO          730    .ARM.Collect$$libshutdown$$00000004  c_pu.l(libshutdown2.o)
    0x10040398   0x10040398   0x00000000   Code   RO          733    .ARM.Collect$$libshutdown$$00000007  c_pu.l(libshutdown2.o)
    0x10040398   0x10040398   0x00000000   Code   RO          736    .ARM.Collect$$libshutdown$$0000000A  c_pu.l(libshutdown2.o)
    0x10040398   0x10040398   0x00000000   Code   RO          738    .ARM.Collect$$libshutdown$$0000000C  c_pu.l(libshutdown2.o)
    0x10040398   0x10040398   0x00000000   Code   RO          741    .ARM.Collect$$libshutdown$$0000000F  c_pu.l(libshutdown2.o)
    0x10040398   0x10040398   0x00000002   Code   RO          742    .ARM.Collect$$libshutdown$$00000010  c_pu.l(libshutdown2.o)
    0x1004039a   0x1004039a   0x00000000   Code   RO          324    .ARM.Collect$$rtentry$$00000000  c_pu.l(__rtentry.o)
    0x1004039a   0x1004039a   0x00000000   Code   RO          585    .ARM.Collect$$rtentry$$00000002  c_pu.l(__rtentry2.o)
    0x1004039a   0x1004039a   0x00000006   Code   RO          597    .ARM.Collect$$rtentry$$00000004  c_pu.l(__rtentry4.o)
    0x100403a0   0x100403a0   0x00000000   Code   RO          587    .ARM.Collect$$rtentry$$00000009  c_pu.l(__rtentry2.o)
    0x100403a0   0x100403a0   0x00000004   Code   RO          588    .ARM.Collect$$rtentry$$0000000A  c_pu.l(__rtentry2.o)
    0x100403a4   0x100403a4   0x00000000   Code   RO          590    .ARM.Collect$$rtentry$$0000000C  c_pu.l(__rtentry2.o)
    0x100403a4   0x100403a4   0x00000008   Code   RO          591    .ARM.Collect$$rtentry$$0000000D  c_pu.l(__rtentry2.o)
    0x100403ac   0x100403ac   0x00000002   Code   RO          706    .ARM.Collect$$rtexit$$00000000  c_pu.l(rtexit.o)
    0x100403ae   0x100403ae   0x00000000   Code   RO          744    .ARM.Collect$$rtexit$$00000002  c_pu.l(rtexit2.o)
    0x100403ae   0x100403ae   0x00000004   Code   RO          745    .ARM.Collect$$rtexit$$00000003  c_pu.l(rtexit2.o)
    0x100403b2   0x100403b2   0x00000006   Code   RO          746    .ARM.Collect$$rtexit$$00000004  c_pu.l(rtexit2.o)
    0x100403b8   0x100403b8   0x00000038   Code   RO          272    .emb_text           c_pu.l(rt_memcpy.o)
    0x100403f0   0x100403f0   0x00000084   Code   RO           20    .text               startup_m2354.o
    0x10040474   0x10040474   0x00000002   Code   RO          204    .text               c_pu.l(use_no_semi_2.o)
    0x10040476   0x10040476   0x00000062   Code   RO          210    .text               c_pu.l(h1_alloc.o)
    0x100404d8   0x100404d8   0x0000004c   Code   RO          212    .text               c_pu.l(h1_free.o)
    0x10040524   0x10040524   0x0000001c   Code   RO          268    .text               c_pu.l(printf.o)
    0x10040540   0x10040540   0x0000002c   Code   RO          270    .text               c_pu.l(sprintf.o)
    0x1004056c   0x1004056c   0x00000082   Code   RO          273    .text               c_pu.l(rt_memcpy.o)
    0x100405ee   0x100405ee   0x00000006   Code   RO          276    .text               c_pu.l(heapauxi.o)
    0x100405f4   0x100405f4   0x00000002   Code   RO          320    .text               c_pu.l(use_no_semi.o)
    0x100405f6   0x100405f6   0x00000002   PAD
    0x100405f8   0x100405f8   0x00000008   Code   RO          328    .text               c_pu.l(rt_heap_descriptor_intlibspace.o)
    0x10040600   0x10040600   0x00000004   Code   RO          330    .text               c_pu.l(hguard.o)
    0x10040604   0x10040604   0x00000088   Code   RO          332    .text               c_pu.l(init_alloc.o)
    0x1004068c   0x1004068c   0x0000000e   Code   RO          336    .text               c_pu.l(h1_init.o)
    0x1004069a   0x1004069a   0x0000004e   Code   RO          350    .text               c_pu.l(_printf_pad.o)
    0x100406e8   0x100406e8   0x00000024   Code   RO          352    .text               c_pu.l(_printf_truncate.o)
    0x1004070c   0x1004070c   0x00000052   Code   RO          354    .text               c_pu.l(_printf_str.o)
    0x1004075e   0x1004075e   0x00000002   PAD
    0x10040760   0x10040760   0x0000006c   Code   RO          356    .text               c_pu.l(_printf_dec.o)
    0x100407cc   0x100407cc   0x00000026   Code   RO          358    .text               c_pu.l(_printf_charcount.o)
    0x100407f2   0x100407f2   0x00000002   PAD
    0x100407f4   0x100407f4   0x00000030   Code   RO          360    .text               c_pu.l(_printf_char_common.o)
    0x10040824   0x10040824   0x0000000a   Code   RO          362    .text               c_pu.l(_sputc.o)
    0x1004082e   0x1004082e   0x00000002   PAD
    0x10040830   0x10040830   0x00000028   Code   RO          364    .text               c_pu.l(_printf_char_file.o)
    0x10040858   0x10040858   0x000000bc   Code   RO          366    .text               c_pu.l(_printf_wctomb.o)
    0x10040914   0x10040914   0x00000070   Code   RO          369    .text               c_pu.l(_printf_longlong_dec.o)
    0x10040984   0x10040984   0x00000070   Code   RO          375    .text               c_pu.l(_printf_oct_int_ll.o)
    0x100409f4   0x100409f4   0x00000098   Code   RO          395    .text               c_pu.l(_printf_hex_int_ll_ptr.o)
    0x10040a8c   0x10040a8c   0x00000188   Code   RO          415    .text               c_pu.l(__printf_flags_ss_wp.o)
    0x10040c14   0x10040c14   0x0000016c   Code   RO          443    .text               c_pu.l(aeabi_sdiv.o)
    0x10040d80   0x10040d80   0x00000008   Code   RO          581    .text               c_pu.l(libspace.o)
    0x10040d88   0x10040d88   0x00000000   Code   RO          605    .text               c_pu.l(maybetermalloc1.o)
    0x10040d88   0x10040d88   0x00000034   Code   RO          607    .text               c_pu.l(h1_extend.o)
    0x10040dbc   0x10040dbc   0x0000007a   Code   RO          611    .text               c_pu.l(lludiv10.o)
    0x10040e36   0x10040e36   0x000000b0   Code   RO          613    .text               c_pu.l(_printf_intcommon.o)
    0x10040ee6   0x10040ee6   0x00000002   PAD
    0x10040ee8   0x10040ee8   0x00000414   Code   RO          615    .text               c_pu.l(_printf_fp_dec.o)
    0x100412fc   0x100412fc   0x000002d8   Code   RO          619    .text               c_pu.l(_printf_fp_hex.o)
    0x100415d4   0x100415d4   0x0000002e   Code   RO          624    .text               c_pu.l(_printf_char.o)
    0x10041602   0x10041602   0x0000002e   Code   RO          626    .text               c_pu.l(_printf_wchar.o)
    0x10041630   0x10041630   0x00000042   Code   RO          629    .text               c_pu.l(_c32rtomb.o)
    0x10041672   0x10041672   0x0000000c   Code   RO          635    .text               c_pu.l(defsig_rtmem_outer.o)
    0x1004167e   0x1004167e   0x00000028   Code   RO          641    .text               c_pu.l(rtudiv10.o)
    0x100416a6   0x100416a6   0x0000003e   Code   RO          652    .text               c_pu.l(sys_stackheap_outer.o)
    0x100416e4   0x100416e4   0x00000010   Code   RO          655    .text               c_pu.l(rt_ctype_table.o)
    0x100416f4   0x100416f4   0x00000008   Code   RO          664    .text               c_pu.l(rt_locale_intlibspace.o)
    0x100416fc   0x100416fc   0x00000088   Code   RO          668    .text               c_pu.l(_printf_fp_infnan.o)
    0x10041784   0x10041784   0x000000d8   Code   RO          670    .text               c_pu.l(bigflt0.o)
    0x1004185c   0x1004185c   0x00000580   Code   RO          673    .text               c_pu.l(btod.o)
    0x10041ddc   0x10041ddc   0x00000010   Code   RO          682    .text               c_pu.l(exit.o)
    0x10041dec   0x10041dec   0x0000000c   Code   RO          684    .text               c_pu.l(defsig_exit.o)
    0x10041df8   0x10041df8   0x00000050   Code   RO          688    .text               c_pu.l(defsig_rtmem_inner.o)
    0x10041e48   0x10041e48   0x00000034   Code   RO          719    .text               c_pu.l(defsig_general.o)
    0x10041e7c   0x10041e7c   0x00000088   Code   RO          725    .text               c_pu.l(strcmp.o)
    0x10041f04   0x10041f04   0x0000002c   Code   RO           37    .text.BLE_Init      main_ns.o
    0x10041f30   0x10041f30   0x00000080   Code   RO           45    .text.BLE_SendCommand  main_ns.o
    0x10041fb0   0x10041fb0   0x00000030   Code   RO           51    .text.BLE_SendMessage  main_ns.o
    0x10041fe0   0x10041fe0   0x00000048   Code   RO           49    .text.CLK_SysTickDelay  main_ns.o
    0x10042028   0x10042028   0x0000001c   Code   RO           33    .text.DEBUG_PORT_Init  main_ns.o
    0x10042044   0x10042044   0x00000088   Code   RO           43    .text.Execution_Time_Measurement  main_ns.o
    0x100420cc   0x100420cc   0x00000060   Code   RO           41    .text.FreeMSG       main_ns.o
    0x1004212c   0x1004212c   0x00000016   Code   RO           39    .text.NonSecure_BLE_send  main_ns.o
    0x10042142   0x10042142   0x00000002   PAD
    0x10042144   0x10042144   0x00000364   Code   RO           77    .text.ProcessHardFault  retarget.o
    0x100424a8   0x100424a8   0x0000006c   Code   RO           29    .text.ReceiveMessage  main_ns.o
    0x10042514   0x10042514   0x00000004   Code   RO            2    .text.SCU_IRQHandler  system_m2354.o
    0x10042518   0x10042518   0x0000000e   Code   RO           80    .text.SH_Return     retarget.o
    0x10042526   0x10042526   0x00000010   Code   RO           84    .text.SendChar      retarget.o
    0x10042536   0x10042536   0x00000002   PAD
    0x10042538   0x10042538   0x00000040   Code   RO           82    .text.SendChar_ToUART  retarget.o
    0x10042578   0x10042578   0x00000060   Code   RO            6    .text.SystemInit    system_m2354.o
    0x100425d8   0x100425d8   0x0000000c   Code   RO           59    .text.TIMER_GetCounter  main_ns.o
    0x100425e4   0x100425e4   0x00000174   Code   RO          171    .text.TIMER_GetModuleClock  timer.o
    0x10042758   0x10042758   0x00000072   Code   RO          169    .text.TIMER_Open    timer.o
    0x100427ca   0x100427ca   0x00000002   PAD
    0x100427cc   0x100427cc   0x00000070   Code   RO          193    .text.TIMER_ResetCounter  timer.o
    0x1004283c   0x1004283c   0x00000014   Code   RO           61    .text.TIMER_Start   main_ns.o
    0x10042850   0x10042850   0x000000d4   Code   RO           27    .text.UART1_IRQHandler  main_ns.o
    0x10042924   0x10042924   0x00000018   Code   RO           35    .text.UART1_Interrupt_Enable  main_ns.o
    0x1004293c   0x1004293c   0x0000002c   Code   RO          139    .text.UART_EnableFlowCtrl  uart.o
    0x10042968   0x10042968   0x00000014   Code   RO          141    .text.UART_EnableInt  uart.o
    0x1004297c   0x1004297c   0x00000258   Code   RO          143    .text.UART_Open     uart.o
    0x10042bd4   0x10042bd4   0x00000026   Code   RO          149    .text.UART_SetTimeoutCnt  uart.o
    0x10042bfa   0x10042bfa   0x00000002   PAD
    0x10042bfc   0x10042bfc   0x0000002c   Code   RO           57    .text.__NVIC_EnableIRQ  main_ns.o
    0x10042c28   0x10042c28   0x00000008   Code   RO           75    .text._sys_exit     retarget.o
    0x10042c30   0x10042c30   0x00000010   Code   RO           92    .text._ttywrch      retarget.o
    0x10042c40   0x10042c40   0x0000000c   Code   RO           98    .text.ferror        retarget.o
    0x10042c4c   0x10042c4c   0x00000014   Code   RO           94    .text.fputc         retarget.o
    0x10042c60   0x10042c60   0x000000cc   Code   RO           31    .text.main          main_ns.o
    0x10042d2c   0x10042d2c   0x0000000c   Ven    RO          779    Veneer$$Code        anon$$obj.o
    0x10042d38   0x10042d38   0x0000000c   Ven    RO          780    Veneer$$Code        anon$$obj.o
    0x10042d44   0x10042d44   0x0000000c   Ven    RO          781    Veneer$$Code        anon$$obj.o
    0x10042d50   0x10042d50   0x0000000c   Ven    RO          782    Veneer$$Code        anon$$obj.o
    0x10042d5c   0x10042d5c   0x0000000c   Ven    RO          783    Veneer$$Code        anon$$obj.o
    0x10042d68   0x10042d68   0x0000000c   Ven    RO          784    Veneer$$Code        anon$$obj.o
    0x10042d74   0x10042d74   0x0000000c   Ven    RO          785    Veneer$$Code        anon$$obj.o
    0x10042d80   0x10042d80   0x0000000c   Ven    RO          786    Veneer$$Code        anon$$obj.o
    0x10042d8c   0x10042d8c   0x0000000c   Ven    RO          787    Veneer$$Code        anon$$obj.o
    0x10042d98   0x10042d98   0x00000030   Code   RO          675    i.__ARM_common_ll_muluu  c_pu.l(btod.o)
    0x10042dc8   0x10042dc8   0x0000002c   Code   RO          703    i.__ARM_fpclassify  m_ps.l(fpclassify.o)
    0x10042df4   0x10042df4   0x0000000e   Code   RO          408    i._is_digit         c_pu.l(__printf_wp.o)
    0x10042e02   0x10042e02   0x00000002   PAD
    0x10042e04   0x10042e04   0x0000002c   Code   RO          680    locale$$code        c_pu.l(lc_numeric_c.o)
    0x10042e30   0x10042e30   0x0000002c   Code   RO          715    locale$$code        c_pu.l(lc_ctype_c.o)
    0x10042e5c   0x10042e5c   0x00000010   Code   RO          496    x$fpl$printf1       fz_ps.l(printf1.o)
    0x10042e6c   0x10042e6c   0x00000010   Code   RO          498    x$fpl$printf2       fz_ps.l(printf2.o)
    0x10042e7c   0x10042e7c   0x00000000   Code   RO          702    x$fpl$usenofp       fz_ps.l(usenofp.o)
    0x10042e7c   0x10042e7c   0x00000008   Data   RO          367    .constdata          c_pu.l(_printf_wctomb.o)
    0x10042e84   0x10042e84   0x00000028   Data   RO          396    .constdata          c_pu.l(_printf_hex_int_ll_ptr.o)
    0x10042eac   0x10042eac   0x00000011   Data   RO          416    .constdata          c_pu.l(__printf_flags_ss_wp.o)
    0x10042ebd   0x10042ebd   0x00000026   Data   RO          620    .constdata          c_pu.l(_printf_fp_hex.o)
    0x10042ee3   0x10042ee3   0x00000001   PAD
    0x10042ee4   0x10042ee4   0x00000094   Data   RO          671    .constdata          c_pu.l(bigflt0.o)
    0x10042f78   0x10042f78   0x00000015   Data   RO          103    .rodata..L__const.ProcessHardFault.info  retarget.o
    0x10042f8d   0x10042f8d   0x00000003   PAD
    0x10042f90   0x10042f90   0x00000054   Data   RO          102    .rodata..L__const.ProcessHardFault.ipname  retarget.o
    0x10042fe4   0x10042fe4   0x00000030   Data   RO          101    .rodata..L__const.ProcessHardFault.master  retarget.o
    0x10043014   0x10043014   0x00000060   Data   RO          161    .rodata.cst32       uart.o
    0x10043074   0x10043074   0x00000020   Data   RO          195    .rodata.cst32       timer.o
    0x10043094   0x10043094   0x00000090   Data   RO           66    .rodata.str1.1      main_ns.o
    0x10043124   0x10043124   0x000001c0   Data   RO          100    .rodata.str1.1      retarget.o
    0x100432e4   0x100432e4   0x00000020   Data   RO          772    Region$$Table       anon$$obj.o
    0x10043304   0x10043304   0x0000001c   Data   RO          679    locale$$data        c_pu.l(lc_numeric_c.o)
    0x10043320   0x10043320   0x00000110   Data   RO          714    locale$$data        c_pu.l(lc_ctype_c.o)


    Execution Region EXE_RAM (Exec base: 0x30038000, Load base: 0x10043430, Size: 0x000058d0, Max: 0xffffffff, ABSOLUTE)

    Exec Addr    Load Addr    Size         Type   Attr      Idx    E Section Name        Object

    0x30038000   0x10043430   0x00000004   Data   RW           67    .ARM.use_no_argv    main_ns.o
    0x30038004   0x10043434   0x00000004   Data   RW            9    .data.CyclesPerUs   system_m2354.o
    0x30038008   0x10043438   0x00000004   Data   RW            8    .data.SystemCoreClock  system_m2354.o
    0x3003800c   0x1004343c   0x00000004   Data   RW           63    .data.read_flag     main_ns.o
    0x30038010        -       0x00001800   Zero   RW           17    .STACK              startup_m2354.o
    0x30039810        -       0x00000060   Zero   RW          582    .bss                c_pu.l(libspace.o)
    0x30039870        -       0x00000054   Zero   RW          104    .bss.__stdout       retarget.o
    0x300398c4        -       0x00000004   Zero   RW           64    .bss.g_u32comRtail  main_ns.o
    0x300398c8        -       0x00000004   Zero   RW           65    .bss.received_msg   main_ns.o
    0x300398cc   0x10043440   0x00000004   PAD
    0x300398d0        -       0x00004000   Zero   RW           18    HEAP                startup_m2354.o


==============================================================================

Image component sizes


      Code (inc. data)   RO Data    RW Data    ZI Data      Debug   Object Name

      1198        164        144          8          8       8015   main_ns.o
      1018         88        601          0         84       6564   retarget.o
       132         48        528          0      22528       1044   startup_m2354.o
       100         24          0          8          0       3797   system_m2354.o
       598         68         32          0          0       4903   timer.o
       702         80         96          0          0       5607   uart.o

    ----------------------------------------------------------------------
      3864        508       1436         16      22624      29930   Object Totals
       108         36         32          0          0          0   (incl. Generated)
         8          0          3          0          4          0   (incl. Padding)

    ----------------------------------------------------------------------

      Code (inc. data)   RO Data    RW Data    ZI Data      Debug   Library Member Name

         8          0          0          0          0         68   __main.o
       392          6         17          0          0         76   __printf_flags_ss_wp.o
        14          0          0          0          0         60   __printf_wp.o
         0          0          0          0          0          0   __rtentry.o
        12          0          0          0          0          0   __rtentry2.o
         6          0          0          0          0          0   __rtentry4.o
        60          8          0          0          0          0   __scatter.o
        26          0          0          0          0          0   __scatter_copy.o
        28          0          0          0          0          0   __scatter_zi.o
        66          0          0          0          0         76   _c32rtomb.o
        10          0          0          0          0          0   _printf_a.o
        10          0          0          0          0          0   _printf_c.o
        46          0          0          0          0        100   _printf_char.o
        48          6          0          0          0         88   _printf_char_common.o
        40          6          0          0          0         72   _printf_char_file.o
        38          0          0          0          0         60   _printf_charcount.o
        10          0          0          0          0          0   _printf_d.o
       108         18          0          0          0         76   _printf_dec.o
        10          0          0          0          0          0   _printf_e.o
        10          0          0          0          0          0   _printf_f.o
      1044         12          0          0          0        116   _printf_fp_dec.o
       728         10         38          0          0         84   _printf_fp_hex.o
       136         16          0          0          0         76   _printf_fp_infnan.o
        10          0          0          0          0          0   _printf_g.o
       152          4         40          0          0        148   _printf_hex_int_ll_ptr.o
        10          0          0          0          0          0   _printf_i.o
       176          0          0          0          0         84   _printf_intcommon.o
        10          0          0          0          0          0   _printf_l.o
        10          0          0          0          0          0   _printf_lc.o
        10          0          0          0          0          0   _printf_ll.o
        10          0          0          0          0          0   _printf_lld.o
        10          0          0          0          0          0   _printf_lli.o
        10          0          0          0          0          0   _printf_llo.o
        10          0          0          0          0          0   _printf_llu.o
        10          0          0          0          0          0   _printf_llx.o
       112         18          0          0          0         76   _printf_longlong_dec.o
        10          0          0          0          0          0   _printf_ls.o
        10          0          0          0          0          0   _printf_n.o
        10          0          0          0          0          0   _printf_o.o
       112         10          0          0          0        112   _printf_oct_int_ll.o
        10          0          0          0          0          0   _printf_p.o
        78          0          0          0          0        100   _printf_pad.o
         2          0          0          0          0          0   _printf_percent.o
         4          0          0          0          0          0   _printf_percent_end.o
        10          0          0          0          0          0   _printf_s.o
        82          0          0          0          0         72   _printf_str.o
        36          0          0          0          0         76   _printf_truncate.o
        10          0          0          0          0          0   _printf_u.o
        46          0          0          0          0        100   _printf_wchar.o
       188          6          8          0          0         80   _printf_wctomb.o
        10          0          0          0          0          0   _printf_x.o
        10          0          0          0          0         60   _sputc.o
       364          4          0          0          0         92   aeabi_sdiv.o
       216          6        148          0          0         80   bigflt0.o
      1456         30          0          0          0        336   btod.o
        12          0          0          0          0         68   defsig_exit.o
        52          0          0          0          0         72   defsig_general.o
        80         58          0          0          0         68   defsig_rtmem_inner.o
        12          0          0          0          0         68   defsig_rtmem_outer.o
        16          0          0          0          0         68   exit.o
        98          0          0          0          0         72   h1_alloc.o
        52          0          0          0          0         68   h1_extend.o
        76          0          0          0          0         72   h1_free.o
        14          0          0          0          0         76   h1_init.o
         6          0          0          0          0        136   heapauxi.o
         4          0          0          0          0        120   hguard.o
       136          0          0          0          0        160   init_alloc.o
        44         10        272          0          0         76   lc_ctype_c.o
        44         10         28          0          0         76   lc_numeric_c.o
         2          0          0          0          0          0   libinit.o
        38          0          0          0          0          0   libinit2.o
         2          0          0          0          0          0   libshutdown.o
         2          0          0          0          0          0   libshutdown2.o
         8          4          0          0         96         68   libspace.o
       122          0          0          0          0         72   lludiv10.o
         0          0          0          0          0          0   maybetermalloc1.o
        28          6          0          0          0         84   printf.o
        16          4          0          0          0         76   rt_ctype_table.o
         8          4          0          0          0         68   rt_heap_descriptor_intlibspace.o
         8          4          0          0          0         68   rt_locale_intlibspace.o
       186          0          0          0          0        144   rt_memcpy.o
         2          0          0          0          0          0   rtexit.o
        10          0          0          0          0          0   rtexit2.o
        40          0          0          0          0         60   rtudiv10.o
        44          4          0          0          0         84   sprintf.o
       136          4          0          0          0         72   strcmp.o
        62          0          0          0          0         80   sys_stackheap_outer.o
         2          0          0          0          0         68   use_no_semi.o
         2          0          0          0          0         68   use_no_semi_2.o
        16          4          0          0          0         76   printf1.o
        16          4          0          0          0         76   printf2.o
         0          0          0          0          0          0   usenofp.o
        44          4          0          0          0         60   fpclassify.o

    ----------------------------------------------------------------------
      7508        280        552          0         96       4792   Library Totals
        14          0          1          0          0          0   (incl. Padding)

    ----------------------------------------------------------------------

      Code (inc. data)   RO Data    RW Data    ZI Data      Debug   Library Name

      7418        268        551          0         96       4580   c_pu.l
        32          8          0          0          0        152   fz_ps.l
        44          4          0          0          0         60   m_ps.l

    ----------------------------------------------------------------------
      7508        280        552          0         96       4792   Library Totals

    ----------------------------------------------------------------------

==============================================================================


      Code (inc. data)   RO Data    RW Data    ZI Data      Debug   

     11372        788       1988         16      22720      32226   Grand Totals
     11372        788       1988         16      22720      32226   ELF Image Totals
     11372        788       1988         16          0          0   ROM Totals

==============================================================================

    Total RO  Size (Code + RO Data)                13360 (  13.05kB)
    Total RW  Size (RW Data + ZI Data)             22736 (  22.20kB)
    Total ROM Size (Code + RO Data + RW Data)      13376 (  13.06kB)

==============================================================================

