	.text
	.syntax unified
	.eabi_attribute	67, "2.09"	@ Tag_conformance
	.cpu	cortex-m23
	.eabi_attribute	6, 16	@ Tag_CPU_arch
	.eabi_attribute	7, 77	@ Tag_CPU_arch_profile
	.eabi_attribute	8, 0	@ Tag_ARM_ISA_use
	.eabi_attribute	9, 3	@ Tag_THUMB_ISA_use
	.eabi_attribute	34, 0	@ Tag_CPU_unaligned_access
	.eabi_attribute	17, 1	@ Tag_ABI_PCS_GOT_use
	.eabi_attribute	20, 2	@ Tag_ABI_FP_denormal
	.eabi_attribute	21, 0	@ Tag_ABI_FP_exceptions
	.eabi_attribute	23, 1	@ Tag_ABI_FP_number_model
	.eabi_attribute	24, 1	@ Tag_ABI_align_needed
	.eabi_attribute	25, 1	@ Tag_ABI_align_preserved
	.eabi_attribute	38, 1	@ Tag_ABI_FP_16bit_format
	.eabi_attribute	18, 4	@ Tag_ABI_PCS_wchar_t
	.eabi_attribute	26, 2	@ Tag_ABI_enum_size
	.eabi_attribute	14, 0	@ Tag_ABI_PCS_R9_use
	.file	"system_M2354.c"
	.file	1 "C:\\Users\\LogoslabMiniPC" "AppData\\Local\\Keil_v5\\ARM\\ARMCLANG\\bin\\..\\include\\stdint.h"
	.file	2 "C:\\Users\\LogoslabMiniPC\\GitHub_Box_Windows\\logoslab\\M2354\\Old_M2354_BSP_300004\\SampleCode\\TrustZone\\Borhan-E-Voting-System\\Nonsecure\\KEIL" "../../../../../Library/Device/Nuvoton/M2354/Source/system_M2354.c"
	.file	3 "C:\\Users\\LogoslabMiniPC\\GitHub_Box_Windows\\logoslab\\M2354\\Old_M2354_BSP_300004\\SampleCode\\TrustZone\\Borhan-E-Voting-System\\Nonsecure\\KEIL" "../../../../../Library/Device/Nuvoton/M2354/Include\\sys_reg.h"
	.file	4 "C:\\Users\\LogoslabMiniPC\\GitHub_Box_Windows\\logoslab\\M2354\\Old_M2354_BSP_300004\\SampleCode\\TrustZone\\Borhan-E-Voting-System\\Nonsecure\\KEIL" "../../../../../Library/Device/Nuvoton/M2354/Include\\clk_reg.h"
	.file	5 "C:\\Users\\LogoslabMiniPC\\GitHub_Box_Windows\\logoslab\\M2354\\Old_M2354_BSP_300004\\SampleCode\\TrustZone\\Borhan-E-Voting-System\\Nonsecure\\KEIL" "../../../../../Library/CMSIS/Include\\core_armv8mbl.h"
	.section	.text.SCU_IRQHandler,"ax",%progbits
	.hidden	SCU_IRQHandler                  @ -- Begin function SCU_IRQHandler
	.weak	SCU_IRQHandler
	.p2align	1
	.type	SCU_IRQHandler,%function
	.code	16                              @ @SCU_IRQHandler
	.thumb_func
SCU_IRQHandler:
.Lfunc_begin0:
	.fnstart
	.cfi_sections .debug_frame
	.cfi_startproc
@ %bb.0:
	.loc	2 386 5 prologue_end            @ ../../../../../Library/Device/Nuvoton/M2354/Source/system_M2354.c:386:5
	b	.LBB0_1
.LBB0_1:                                @ =>This Inner Loop Header: Depth=1
	b	.LBB0_1
.Ltmp0:
.Lfunc_end0:
	.size	SCU_IRQHandler, .Lfunc_end0-SCU_IRQHandler
	.cfi_endproc
	.fnend
                                        @ -- End function
	.section	.text.SystemCoreClockUpdate,"ax",%progbits
	.hidden	SystemCoreClockUpdate           @ -- Begin function SystemCoreClockUpdate
	.globl	SystemCoreClockUpdate
	.p2align	2
	.type	SystemCoreClockUpdate,%function
	.code	16                              @ @SystemCoreClockUpdate
	.thumb_func
SystemCoreClockUpdate:
.Lfunc_begin1:
	.loc	2 398 0                         @ ../../../../../Library/Device/Nuvoton/M2354/Source/system_M2354.c:398:0
	.fnstart
	.cfi_startproc
@ %bb.0:
	.save	{r7, lr}
	push	{r7, lr}
	.cfi_def_cfa_offset 8
	.cfi_offset lr, -4
	.cfi_offset r7, -8
.Ltmp1:
	.loc	2 400 16 prologue_end           @ ../../../../../Library/Device/Nuvoton/M2354/Source/system_M2354.c:400:16
	bl	CLK_GetPLLClockFreq
	.loc	2 400 14 is_stmt 0              @ ../../../../../Library/Device/Nuvoton/M2354/Source/system_M2354.c:400:14
	ldr	r1, __arm_cp.1_0
	str	r0, [r1]
	.loc	2 403 23 is_stmt 1              @ ../../../../../Library/Device/Nuvoton/M2354/Source/system_M2354.c:403:23
	bl	CLK_GetCPUFreq
	mov	r1, r0
	.loc	2 403 21 is_stmt 0              @ ../../../../../Library/Device/Nuvoton/M2354/Source/system_M2354.c:403:21
	ldr	r0, __arm_cp.1_1
	str	r1, [r0]
	.loc	2 406 20 is_stmt 1              @ ../../../../../Library/Device/Nuvoton/M2354/Source/system_M2354.c:406:20
	ldr	r0, [r0]
	ldr	r1, __arm_cp.1_2
	.loc	2 406 36 is_stmt 0              @ ../../../../../Library/Device/Nuvoton/M2354/Source/system_M2354.c:406:36
	adds	r0, r0, r1
	ldr	r1, __arm_cp.1_3
	.loc	2 406 48                        @ ../../../../../Library/Device/Nuvoton/M2354/Source/system_M2354.c:406:48
	udiv	r0, r0, r1
	.loc	2 406 17                        @ ../../../../../Library/Device/Nuvoton/M2354/Source/system_M2354.c:406:17
	ldr	r1, __arm_cp.1_4
	str	r0, [r1]
	.loc	2 407 1 epilogue_begin is_stmt 1 @ ../../../../../Library/Device/Nuvoton/M2354/Source/system_M2354.c:407:1
	pop	{r7, pc}
.Ltmp2:
	.p2align	2
@ %bb.1:
	.loc	2 0 1 is_stmt 0                 @ ../../../../../Library/Device/Nuvoton/M2354/Source/system_M2354.c:0:1
__arm_cp.1_0:
	.long	PllClock
.Lcpi_end0:
	.size	__arm_cp.1_0, .Lcpi_end0-__arm_cp.1_0
__arm_cp.1_1:
	.long	SystemCoreClock
.Lcpi_end1:
	.size	__arm_cp.1_1, .Lcpi_end1-__arm_cp.1_1
__arm_cp.1_2:
	.long	500000                          @ 0x7a120
.Lcpi_end2:
	.size	__arm_cp.1_2, .Lcpi_end2-__arm_cp.1_2
__arm_cp.1_3:
	.long	1000000                         @ 0xf4240
.Lcpi_end3:
	.size	__arm_cp.1_3, .Lcpi_end3-__arm_cp.1_3
__arm_cp.1_4:
	.long	CyclesPerUs
.Lcpi_end4:
	.size	__arm_cp.1_4, .Lcpi_end4-__arm_cp.1_4
.Lfunc_end1:
	.size	SystemCoreClockUpdate, .Lfunc_end1-SystemCoreClockUpdate
	.cfi_endproc
	.fnend
                                        @ -- End function
	.section	.text.SystemInit,"ax",%progbits
	.hidden	SystemInit                      @ -- Begin function SystemInit
	.globl	SystemInit
	.p2align	2
	.type	SystemInit,%function
	.code	16                              @ @SystemInit
	.thumb_func
SystemInit:
.Lfunc_begin2:
	.loc	2 417 0 is_stmt 1               @ ../../../../../Library/Device/Nuvoton/M2354/Source/system_M2354.c:417:0
	.fnstart
	.cfi_startproc
@ %bb.0:
	.save	{r7, lr}
	push	{r7, lr}
	.cfi_def_cfa_offset 8
	.cfi_offset lr, -4
	.cfi_offset r7, -8
.Ltmp3:
	.loc	2 419 9 prologue_end            @ ../../../../../Library/Device/Nuvoton/M2354/Source/system_M2354.c:419:9
	bl	__PC
.Ltmp4:
	.loc	2 419 8 is_stmt 0               @ ../../../../../Library/Device/Nuvoton/M2354/Source/system_M2354.c:419:8
	lsls	r0, r0, #3
	cmp	r0, #0
	bmi	.LBB2_5
	b	.LBB2_1
.LBB2_1:
.Ltmp5:
	.loc	2 422 9 is_stmt 1               @ ../../../../../Library/Device/Nuvoton/M2354/Source/system_M2354.c:422:9
	b	.LBB2_2
.LBB2_2:                                @ =>This Inner Loop Header: Depth=1
	.loc	2 0 9 is_stmt 0                 @ ../../../../../Library/Device/Nuvoton/M2354/Source/system_M2354.c:0:9
	ldr	r1, __arm_cp.2_0
	movs	r0, #89
.Ltmp6:
	.loc	2 424 26 is_stmt 1              @ ../../../../../Library/Device/Nuvoton/M2354/Source/system_M2354.c:424:26
	str	r0, [r1]
	movs	r0, #22
	.loc	2 425 26                        @ ../../../../../Library/Device/Nuvoton/M2354/Source/system_M2354.c:425:26
	str	r0, [r1]
	movs	r0, #136
	.loc	2 426 26                        @ ../../../../../Library/Device/Nuvoton/M2354/Source/system_M2354.c:426:26
	str	r0, [r1]
	.loc	2 427 9                         @ ../../../../../Library/Device/Nuvoton/M2354/Source/system_M2354.c:427:9
	b	.LBB2_3
.Ltmp7:
.LBB2_3:                                @   in Loop: Header=BB2_2 Depth=1
	.loc	2 0 9 is_stmt 0                 @ ../../../../../Library/Device/Nuvoton/M2354/Source/system_M2354.c:0:9
	ldr	r0, __arm_cp.2_0
	.loc	2 428 21 is_stmt 1              @ ../../../../../Library/Device/Nuvoton/M2354/Source/system_M2354.c:428:21
	ldr	r0, [r0]
.Ltmp8:
	.loc	2 427 9                         @ ../../../../../Library/Device/Nuvoton/M2354/Source/system_M2354.c:427:9
	cmp	r0, #0
	beq	.LBB2_2
	b	.LBB2_4
.Ltmp9:
.LBB2_4:
	.loc	2 0 9 is_stmt 0                 @ ../../../../../Library/Device/Nuvoton/M2354/Source/system_M2354.c:0:9
	ldr	r1, __arm_cp.2_1
	movw	r0, #4096
	.loc	2 431 21 is_stmt 1              @ ../../../../../Library/Device/Nuvoton/M2354/Source/system_M2354.c:431:21
	str	r0, [r1]
	ldr	r1, __arm_cp.2_2
	.loc	2 434 21                        @ ../../../../../Library/Device/Nuvoton/M2354/Source/system_M2354.c:434:21
	ldr	r0, [r1]
	ldr	r2, __arm_cp.2_3
	orrs	r0, r2
	str	r0, [r1]
	.loc	2 435 5                         @ ../../../../../Library/Device/Nuvoton/M2354/Source/system_M2354.c:435:5
	b	.LBB2_5
.Ltmp10:
.LBB2_5:
	.loc	2 438 15                        @ ../../../../../Library/Device/Nuvoton/M2354/Source/system_M2354.c:438:15
	ldr	r0, __arm_cp.2_4
	ldr	r1, __arm_cp.2_5
	str	r0, [r1]
	.loc	2 451 1 epilogue_begin          @ ../../../../../Library/Device/Nuvoton/M2354/Source/system_M2354.c:451:1
	pop	{r7, pc}
.Ltmp11:
	.p2align	2
@ %bb.6:
	.loc	2 0 1 is_stmt 0                 @ ../../../../../Library/Device/Nuvoton/M2354/Source/system_M2354.c:0:1
__arm_cp.2_0:
	.long	1073742080                      @ 0x40000100
.Lcpi_end5:
	.size	__arm_cp.2_0, .Lcpi_end5-__arm_cp.2_0
__arm_cp.2_1:
	.long	1073742324                      @ 0x400001f4
.Lcpi_end6:
	.size	__arm_cp.2_1, .Lcpi_end6-__arm_cp.2_1
__arm_cp.2_2:
	.long	1073742340                      @ 0x40000204
.Lcpi_end7:
	.size	__arm_cp.2_2, .Lcpi_end7-__arm_cp.2_2
__arm_cp.2_3:
	.long	4293935104                      @ 0xfff04000
.Lcpi_end8:
	.size	__arm_cp.2_3, .Lcpi_end8-__arm_cp.2_3
__arm_cp.2_4:
	.long	__Vectors
.Lcpi_end9:
	.size	__arm_cp.2_4, .Lcpi_end9-__arm_cp.2_4
__arm_cp.2_5:
	.long	3758157064                      @ 0xe000ed08
.Lcpi_end10:
	.size	__arm_cp.2_5, .Lcpi_end10-__arm_cp.2_5
.Lfunc_end2:
	.size	SystemInit, .Lfunc_end2-SystemInit
	.cfi_endproc
	.fnend
                                        @ -- End function
	.hidden	SystemCoreClock                 @ @SystemCoreClock
	.type	SystemCoreClock,%object
	.section	.data.SystemCoreClock,"aw",%progbits
	.globl	SystemCoreClock
	.p2align	2, 0x0
SystemCoreClock:
	.long	48000000                        @ 0x2dc6c00
	.size	SystemCoreClock, 4

	.hidden	CyclesPerUs                     @ @CyclesPerUs
	.type	CyclesPerUs,%object
	.section	.data.CyclesPerUs,"aw",%progbits
	.globl	CyclesPerUs
	.p2align	2, 0x0
CyclesPerUs:
	.long	48                              @ 0x30
	.size	CyclesPerUs, 4

	.hidden	PllClock                        @ @PllClock
	.type	PllClock,%object
	.section	.data.PllClock,"aw",%progbits
	.globl	PllClock
	.p2align	2, 0x0
PllClock:
	.long	48000000                        @ 0x2dc6c00
	.size	PllClock, 4

	.section	.debug_abbrev,"",%progbits
	.byte	1                               @ Abbreviation Code
	.byte	17                              @ DW_TAG_compile_unit
	.byte	1                               @ DW_CHILDREN_yes
	.byte	37                              @ DW_AT_producer
	.byte	14                              @ DW_FORM_strp
	.byte	19                              @ DW_AT_language
	.byte	5                               @ DW_FORM_data2
	.byte	3                               @ DW_AT_name
	.byte	14                              @ DW_FORM_strp
	.byte	16                              @ DW_AT_stmt_list
	.byte	23                              @ DW_FORM_sec_offset
	.byte	27                              @ DW_AT_comp_dir
	.byte	14                              @ DW_FORM_strp
	.byte	17                              @ DW_AT_low_pc
	.byte	1                               @ DW_FORM_addr
	.byte	85                              @ DW_AT_ranges
	.byte	23                              @ DW_FORM_sec_offset
	.byte	0                               @ EOM(1)
	.byte	0                               @ EOM(2)
	.byte	2                               @ Abbreviation Code
	.byte	52                              @ DW_TAG_variable
	.byte	0                               @ DW_CHILDREN_no
	.byte	3                               @ DW_AT_name
	.byte	14                              @ DW_FORM_strp
	.byte	73                              @ DW_AT_type
	.byte	19                              @ DW_FORM_ref4
	.byte	63                              @ DW_AT_external
	.byte	25                              @ DW_FORM_flag_present
	.byte	58                              @ DW_AT_decl_file
	.byte	11                              @ DW_FORM_data1
	.byte	59                              @ DW_AT_decl_line
	.byte	11                              @ DW_FORM_data1
	.byte	2                               @ DW_AT_location
	.byte	24                              @ DW_FORM_exprloc
	.byte	0                               @ EOM(1)
	.byte	0                               @ EOM(2)
	.byte	3                               @ Abbreviation Code
	.byte	22                              @ DW_TAG_typedef
	.byte	0                               @ DW_CHILDREN_no
	.byte	73                              @ DW_AT_type
	.byte	19                              @ DW_FORM_ref4
	.byte	3                               @ DW_AT_name
	.byte	14                              @ DW_FORM_strp
	.byte	58                              @ DW_AT_decl_file
	.byte	11                              @ DW_FORM_data1
	.byte	59                              @ DW_AT_decl_line
	.byte	11                              @ DW_FORM_data1
	.byte	0                               @ EOM(1)
	.byte	0                               @ EOM(2)
	.byte	4                               @ Abbreviation Code
	.byte	36                              @ DW_TAG_base_type
	.byte	0                               @ DW_CHILDREN_no
	.byte	3                               @ DW_AT_name
	.byte	14                              @ DW_FORM_strp
	.byte	62                              @ DW_AT_encoding
	.byte	11                              @ DW_FORM_data1
	.byte	11                              @ DW_AT_byte_size
	.byte	11                              @ DW_FORM_data1
	.byte	0                               @ EOM(1)
	.byte	0                               @ EOM(2)
	.byte	5                               @ Abbreviation Code
	.byte	15                              @ DW_TAG_pointer_type
	.byte	0                               @ DW_CHILDREN_no
	.byte	73                              @ DW_AT_type
	.byte	19                              @ DW_FORM_ref4
	.byte	0                               @ EOM(1)
	.byte	0                               @ EOM(2)
	.byte	6                               @ Abbreviation Code
	.byte	22                              @ DW_TAG_typedef
	.byte	0                               @ DW_CHILDREN_no
	.byte	73                              @ DW_AT_type
	.byte	19                              @ DW_FORM_ref4
	.byte	3                               @ DW_AT_name
	.byte	14                              @ DW_FORM_strp
	.byte	58                              @ DW_AT_decl_file
	.byte	11                              @ DW_FORM_data1
	.byte	59                              @ DW_AT_decl_line
	.byte	5                               @ DW_FORM_data2
	.byte	0                               @ EOM(1)
	.byte	0                               @ EOM(2)
	.byte	7                               @ Abbreviation Code
	.byte	19                              @ DW_TAG_structure_type
	.byte	1                               @ DW_CHILDREN_yes
	.byte	11                              @ DW_AT_byte_size
	.byte	5                               @ DW_FORM_data2
	.byte	58                              @ DW_AT_decl_file
	.byte	11                              @ DW_FORM_data1
	.byte	59                              @ DW_AT_decl_line
	.byte	11                              @ DW_FORM_data1
	.byte	0                               @ EOM(1)
	.byte	0                               @ EOM(2)
	.byte	8                               @ Abbreviation Code
	.byte	13                              @ DW_TAG_member
	.byte	0                               @ DW_CHILDREN_no
	.byte	3                               @ DW_AT_name
	.byte	14                              @ DW_FORM_strp
	.byte	73                              @ DW_AT_type
	.byte	19                              @ DW_FORM_ref4
	.byte	58                              @ DW_AT_decl_file
	.byte	11                              @ DW_FORM_data1
	.byte	59                              @ DW_AT_decl_line
	.byte	5                               @ DW_FORM_data2
	.byte	56                              @ DW_AT_data_member_location
	.byte	11                              @ DW_FORM_data1
	.byte	0                               @ EOM(1)
	.byte	0                               @ EOM(2)
	.byte	9                               @ Abbreviation Code
	.byte	13                              @ DW_TAG_member
	.byte	0                               @ DW_CHILDREN_no
	.byte	3                               @ DW_AT_name
	.byte	14                              @ DW_FORM_strp
	.byte	73                              @ DW_AT_type
	.byte	19                              @ DW_FORM_ref4
	.byte	58                              @ DW_AT_decl_file
	.byte	11                              @ DW_FORM_data1
	.byte	59                              @ DW_AT_decl_line
	.byte	5                               @ DW_FORM_data2
	.byte	56                              @ DW_AT_data_member_location
	.byte	5                               @ DW_FORM_data2
	.byte	0                               @ EOM(1)
	.byte	0                               @ EOM(2)
	.byte	10                              @ Abbreviation Code
	.byte	38                              @ DW_TAG_const_type
	.byte	0                               @ DW_CHILDREN_no
	.byte	73                              @ DW_AT_type
	.byte	19                              @ DW_FORM_ref4
	.byte	0                               @ EOM(1)
	.byte	0                               @ EOM(2)
	.byte	11                              @ Abbreviation Code
	.byte	53                              @ DW_TAG_volatile_type
	.byte	0                               @ DW_CHILDREN_no
	.byte	73                              @ DW_AT_type
	.byte	19                              @ DW_FORM_ref4
	.byte	0                               @ EOM(1)
	.byte	0                               @ EOM(2)
	.byte	12                              @ Abbreviation Code
	.byte	1                               @ DW_TAG_array_type
	.byte	1                               @ DW_CHILDREN_yes
	.byte	73                              @ DW_AT_type
	.byte	19                              @ DW_FORM_ref4
	.byte	0                               @ EOM(1)
	.byte	0                               @ EOM(2)
	.byte	13                              @ Abbreviation Code
	.byte	33                              @ DW_TAG_subrange_type
	.byte	0                               @ DW_CHILDREN_no
	.byte	73                              @ DW_AT_type
	.byte	19                              @ DW_FORM_ref4
	.byte	55                              @ DW_AT_count
	.byte	11                              @ DW_FORM_data1
	.byte	0                               @ EOM(1)
	.byte	0                               @ EOM(2)
	.byte	14                              @ Abbreviation Code
	.byte	36                              @ DW_TAG_base_type
	.byte	0                               @ DW_CHILDREN_no
	.byte	3                               @ DW_AT_name
	.byte	14                              @ DW_FORM_strp
	.byte	11                              @ DW_AT_byte_size
	.byte	11                              @ DW_FORM_data1
	.byte	62                              @ DW_AT_encoding
	.byte	11                              @ DW_FORM_data1
	.byte	0                               @ EOM(1)
	.byte	0                               @ EOM(2)
	.byte	15                              @ Abbreviation Code
	.byte	19                              @ DW_TAG_structure_type
	.byte	1                               @ DW_CHILDREN_yes
	.byte	11                              @ DW_AT_byte_size
	.byte	11                              @ DW_FORM_data1
	.byte	58                              @ DW_AT_decl_file
	.byte	11                              @ DW_FORM_data1
	.byte	59                              @ DW_AT_decl_line
	.byte	11                              @ DW_FORM_data1
	.byte	0                               @ EOM(1)
	.byte	0                               @ EOM(2)
	.byte	16                              @ Abbreviation Code
	.byte	19                              @ DW_TAG_structure_type
	.byte	1                               @ DW_CHILDREN_yes
	.byte	11                              @ DW_AT_byte_size
	.byte	11                              @ DW_FORM_data1
	.byte	58                              @ DW_AT_decl_file
	.byte	11                              @ DW_FORM_data1
	.byte	59                              @ DW_AT_decl_line
	.byte	5                               @ DW_FORM_data2
	.byte	0                               @ EOM(1)
	.byte	0                               @ EOM(2)
	.byte	17                              @ Abbreviation Code
	.byte	46                              @ DW_TAG_subprogram
	.byte	0                               @ DW_CHILDREN_no
	.byte	17                              @ DW_AT_low_pc
	.byte	1                               @ DW_FORM_addr
	.byte	18                              @ DW_AT_high_pc
	.byte	6                               @ DW_FORM_data4
	.byte	64                              @ DW_AT_frame_base
	.byte	24                              @ DW_FORM_exprloc
	.byte	3                               @ DW_AT_name
	.byte	14                              @ DW_FORM_strp
	.byte	58                              @ DW_AT_decl_file
	.byte	11                              @ DW_FORM_data1
	.byte	59                              @ DW_AT_decl_line
	.byte	5                               @ DW_FORM_data2
	.byte	39                              @ DW_AT_prototyped
	.byte	25                              @ DW_FORM_flag_present
	.byte	63                              @ DW_AT_external
	.byte	25                              @ DW_FORM_flag_present
	.ascii	"\207\001"                      @ DW_AT_noreturn
	.byte	25                              @ DW_FORM_flag_present
	.byte	0                               @ EOM(1)
	.byte	0                               @ EOM(2)
	.byte	18                              @ Abbreviation Code
	.byte	46                              @ DW_TAG_subprogram
	.byte	0                               @ DW_CHILDREN_no
	.byte	17                              @ DW_AT_low_pc
	.byte	1                               @ DW_FORM_addr
	.byte	18                              @ DW_AT_high_pc
	.byte	6                               @ DW_FORM_data4
	.byte	64                              @ DW_AT_frame_base
	.byte	24                              @ DW_FORM_exprloc
	.byte	3                               @ DW_AT_name
	.byte	14                              @ DW_FORM_strp
	.byte	58                              @ DW_AT_decl_file
	.byte	11                              @ DW_FORM_data1
	.byte	59                              @ DW_AT_decl_line
	.byte	5                               @ DW_FORM_data2
	.byte	39                              @ DW_AT_prototyped
	.byte	25                              @ DW_FORM_flag_present
	.byte	63                              @ DW_AT_external
	.byte	25                              @ DW_FORM_flag_present
	.byte	0                               @ EOM(1)
	.byte	0                               @ EOM(2)
	.byte	0                               @ EOM(3)
	.section	.debug_info,"",%progbits
.Lcu_begin0:
	.long	.Ldebug_info_end0-.Ldebug_info_start0 @ Length of Unit
.Ldebug_info_start0:
	.short	4                               @ DWARF version number
	.long	.debug_abbrev                   @ Offset Into Abbrev. Section
	.byte	4                               @ Address Size (in bytes)
	.byte	1                               @ Abbrev [1] 0xb:0x6ee DW_TAG_compile_unit
	.long	.Linfo_string0                  @ DW_AT_producer
	.short	29                              @ DW_AT_language
	.long	.Linfo_string1                  @ DW_AT_name
	.long	.Lline_table_start0             @ DW_AT_stmt_list
	.long	.Linfo_string2                  @ DW_AT_comp_dir
	.long	0                               @ DW_AT_low_pc
	.long	.Ldebug_ranges0                 @ DW_AT_ranges
	.byte	2                               @ Abbrev [2] 0x26:0x11 DW_TAG_variable
	.long	.Linfo_string3                  @ DW_AT_name
	.long	55                              @ DW_AT_type
                                        @ DW_AT_external
	.byte	2                               @ DW_AT_decl_file
	.byte	26                              @ DW_AT_decl_line
	.byte	5                               @ DW_AT_location
	.byte	3
	.long	SystemCoreClock
	.byte	3                               @ Abbrev [3] 0x37:0xb DW_TAG_typedef
	.long	66                              @ DW_AT_type
	.long	.Linfo_string5                  @ DW_AT_name
	.byte	1                               @ DW_AT_decl_file
	.byte	64                              @ DW_AT_decl_line
	.byte	4                               @ Abbrev [4] 0x42:0x7 DW_TAG_base_type
	.long	.Linfo_string4                  @ DW_AT_name
	.byte	7                               @ DW_AT_encoding
	.byte	4                               @ DW_AT_byte_size
	.byte	2                               @ Abbrev [2] 0x49:0x11 DW_TAG_variable
	.long	.Linfo_string6                  @ DW_AT_name
	.long	55                              @ DW_AT_type
                                        @ DW_AT_external
	.byte	2                               @ DW_AT_decl_file
	.byte	27                              @ DW_AT_decl_line
	.byte	5                               @ DW_AT_location
	.byte	3
	.long	CyclesPerUs
	.byte	2                               @ Abbrev [2] 0x5a:0x11 DW_TAG_variable
	.long	.Linfo_string7                  @ DW_AT_name
	.long	55                              @ DW_AT_type
                                        @ DW_AT_external
	.byte	2                               @ DW_AT_decl_file
	.byte	28                              @ DW_AT_decl_line
	.byte	5                               @ DW_AT_location
	.byte	3
	.long	PllClock
	.byte	5                               @ Abbrev [5] 0x6b:0x5 DW_TAG_pointer_type
	.long	112                             @ DW_AT_type
	.byte	6                               @ Abbrev [6] 0x70:0xc DW_TAG_typedef
	.long	124                             @ DW_AT_type
	.long	.Linfo_string74                 @ DW_AT_name
	.byte	3                               @ DW_AT_decl_file
	.short	1247                            @ DW_AT_decl_line
	.byte	7                               @ Abbrev [7] 0x7c:0x360 DW_TAG_structure_type
	.short	1028                            @ DW_AT_byte_size
	.byte	3                               @ DW_AT_decl_file
	.byte	25                              @ DW_AT_decl_line
	.byte	8                               @ Abbrev [8] 0x81:0xd DW_TAG_member
	.long	.Linfo_string8                  @ DW_AT_name
	.long	988                             @ DW_AT_type
	.byte	3                               @ DW_AT_decl_file
	.short	1180                            @ DW_AT_decl_line
	.byte	0                               @ DW_AT_data_member_location
	.byte	8                               @ Abbrev [8] 0x8e:0xd DW_TAG_member
	.long	.Linfo_string9                  @ DW_AT_name
	.long	993                             @ DW_AT_type
	.byte	3                               @ DW_AT_decl_file
	.short	1181                            @ DW_AT_decl_line
	.byte	4                               @ DW_AT_data_member_location
	.byte	8                               @ Abbrev [8] 0x9b:0xd DW_TAG_member
	.long	.Linfo_string10                 @ DW_AT_name
	.long	993                             @ DW_AT_type
	.byte	3                               @ DW_AT_decl_file
	.short	1182                            @ DW_AT_decl_line
	.byte	8                               @ DW_AT_data_member_location
	.byte	8                               @ Abbrev [8] 0xa8:0xd DW_TAG_member
	.long	.Linfo_string11                 @ DW_AT_name
	.long	993                             @ DW_AT_type
	.byte	3                               @ DW_AT_decl_file
	.short	1183                            @ DW_AT_decl_line
	.byte	12                              @ DW_AT_data_member_location
	.byte	8                               @ Abbrev [8] 0xb5:0xd DW_TAG_member
	.long	.Linfo_string12                 @ DW_AT_name
	.long	993                             @ DW_AT_type
	.byte	3                               @ DW_AT_decl_file
	.short	1184                            @ DW_AT_decl_line
	.byte	16                              @ DW_AT_data_member_location
	.byte	8                               @ Abbrev [8] 0xc2:0xd DW_TAG_member
	.long	.Linfo_string13                 @ DW_AT_name
	.long	998                             @ DW_AT_type
	.byte	3                               @ DW_AT_decl_file
	.short	1185                            @ DW_AT_decl_line
	.byte	20                              @ DW_AT_data_member_location
	.byte	8                               @ Abbrev [8] 0xcf:0xd DW_TAG_member
	.long	.Linfo_string15                 @ DW_AT_name
	.long	993                             @ DW_AT_type
	.byte	3                               @ DW_AT_decl_file
	.short	1186                            @ DW_AT_decl_line
	.byte	24                              @ DW_AT_data_member_location
	.byte	8                               @ Abbrev [8] 0xdc:0xd DW_TAG_member
	.long	.Linfo_string16                 @ DW_AT_name
	.long	993                             @ DW_AT_type
	.byte	3                               @ DW_AT_decl_file
	.short	1187                            @ DW_AT_decl_line
	.byte	28                              @ DW_AT_data_member_location
	.byte	8                               @ Abbrev [8] 0xe9:0xd DW_TAG_member
	.long	.Linfo_string17                 @ DW_AT_name
	.long	998                             @ DW_AT_type
	.byte	3                               @ DW_AT_decl_file
	.short	1188                            @ DW_AT_decl_line
	.byte	32                              @ DW_AT_data_member_location
	.byte	8                               @ Abbrev [8] 0xf6:0xd DW_TAG_member
	.long	.Linfo_string18                 @ DW_AT_name
	.long	993                             @ DW_AT_type
	.byte	3                               @ DW_AT_decl_file
	.short	1189                            @ DW_AT_decl_line
	.byte	36                              @ DW_AT_data_member_location
	.byte	8                               @ Abbrev [8] 0x103:0xd DW_TAG_member
	.long	.Linfo_string19                 @ DW_AT_name
	.long	993                             @ DW_AT_type
	.byte	3                               @ DW_AT_decl_file
	.short	1190                            @ DW_AT_decl_line
	.byte	40                              @ DW_AT_data_member_location
	.byte	8                               @ Abbrev [8] 0x110:0xd DW_TAG_member
	.long	.Linfo_string20                 @ DW_AT_name
	.long	993                             @ DW_AT_type
	.byte	3                               @ DW_AT_decl_file
	.short	1191                            @ DW_AT_decl_line
	.byte	44                              @ DW_AT_data_member_location
	.byte	8                               @ Abbrev [8] 0x11d:0xd DW_TAG_member
	.long	.Linfo_string21                 @ DW_AT_name
	.long	993                             @ DW_AT_type
	.byte	3                               @ DW_AT_decl_file
	.short	1192                            @ DW_AT_decl_line
	.byte	48                              @ DW_AT_data_member_location
	.byte	8                               @ Abbrev [8] 0x12a:0xd DW_TAG_member
	.long	.Linfo_string22                 @ DW_AT_name
	.long	993                             @ DW_AT_type
	.byte	3                               @ DW_AT_decl_file
	.short	1193                            @ DW_AT_decl_line
	.byte	52                              @ DW_AT_data_member_location
	.byte	8                               @ Abbrev [8] 0x137:0xd DW_TAG_member
	.long	.Linfo_string23                 @ DW_AT_name
	.long	993                             @ DW_AT_type
	.byte	3                               @ DW_AT_decl_file
	.short	1194                            @ DW_AT_decl_line
	.byte	56                              @ DW_AT_data_member_location
	.byte	8                               @ Abbrev [8] 0x144:0xd DW_TAG_member
	.long	.Linfo_string24                 @ DW_AT_name
	.long	993                             @ DW_AT_type
	.byte	3                               @ DW_AT_decl_file
	.short	1195                            @ DW_AT_decl_line
	.byte	60                              @ DW_AT_data_member_location
	.byte	8                               @ Abbrev [8] 0x151:0xd DW_TAG_member
	.long	.Linfo_string25                 @ DW_AT_name
	.long	993                             @ DW_AT_type
	.byte	3                               @ DW_AT_decl_file
	.short	1196                            @ DW_AT_decl_line
	.byte	64                              @ DW_AT_data_member_location
	.byte	8                               @ Abbrev [8] 0x15e:0xd DW_TAG_member
	.long	.Linfo_string26                 @ DW_AT_name
	.long	993                             @ DW_AT_type
	.byte	3                               @ DW_AT_decl_file
	.short	1197                            @ DW_AT_decl_line
	.byte	68                              @ DW_AT_data_member_location
	.byte	8                               @ Abbrev [8] 0x16b:0xd DW_TAG_member
	.long	.Linfo_string27                 @ DW_AT_name
	.long	993                             @ DW_AT_type
	.byte	3                               @ DW_AT_decl_file
	.short	1198                            @ DW_AT_decl_line
	.byte	72                              @ DW_AT_data_member_location
	.byte	8                               @ Abbrev [8] 0x178:0xd DW_TAG_member
	.long	.Linfo_string28                 @ DW_AT_name
	.long	993                             @ DW_AT_type
	.byte	3                               @ DW_AT_decl_file
	.short	1199                            @ DW_AT_decl_line
	.byte	76                              @ DW_AT_data_member_location
	.byte	8                               @ Abbrev [8] 0x185:0xd DW_TAG_member
	.long	.Linfo_string29                 @ DW_AT_name
	.long	993                             @ DW_AT_type
	.byte	3                               @ DW_AT_decl_file
	.short	1200                            @ DW_AT_decl_line
	.byte	80                              @ DW_AT_data_member_location
	.byte	8                               @ Abbrev [8] 0x192:0xd DW_TAG_member
	.long	.Linfo_string30                 @ DW_AT_name
	.long	993                             @ DW_AT_type
	.byte	3                               @ DW_AT_decl_file
	.short	1201                            @ DW_AT_decl_line
	.byte	84                              @ DW_AT_data_member_location
	.byte	8                               @ Abbrev [8] 0x19f:0xd DW_TAG_member
	.long	.Linfo_string31                 @ DW_AT_name
	.long	993                             @ DW_AT_type
	.byte	3                               @ DW_AT_decl_file
	.short	1202                            @ DW_AT_decl_line
	.byte	88                              @ DW_AT_data_member_location
	.byte	8                               @ Abbrev [8] 0x1ac:0xd DW_TAG_member
	.long	.Linfo_string32                 @ DW_AT_name
	.long	993                             @ DW_AT_type
	.byte	3                               @ DW_AT_decl_file
	.short	1203                            @ DW_AT_decl_line
	.byte	92                              @ DW_AT_data_member_location
	.byte	8                               @ Abbrev [8] 0x1b9:0xd DW_TAG_member
	.long	.Linfo_string33                 @ DW_AT_name
	.long	993                             @ DW_AT_type
	.byte	3                               @ DW_AT_decl_file
	.short	1204                            @ DW_AT_decl_line
	.byte	96                              @ DW_AT_data_member_location
	.byte	8                               @ Abbrev [8] 0x1c6:0xd DW_TAG_member
	.long	.Linfo_string34                 @ DW_AT_name
	.long	993                             @ DW_AT_type
	.byte	3                               @ DW_AT_decl_file
	.short	1205                            @ DW_AT_decl_line
	.byte	100                             @ DW_AT_data_member_location
	.byte	8                               @ Abbrev [8] 0x1d3:0xd DW_TAG_member
	.long	.Linfo_string35                 @ DW_AT_name
	.long	993                             @ DW_AT_type
	.byte	3                               @ DW_AT_decl_file
	.short	1206                            @ DW_AT_decl_line
	.byte	104                             @ DW_AT_data_member_location
	.byte	8                               @ Abbrev [8] 0x1e0:0xd DW_TAG_member
	.long	.Linfo_string36                 @ DW_AT_name
	.long	993                             @ DW_AT_type
	.byte	3                               @ DW_AT_decl_file
	.short	1207                            @ DW_AT_decl_line
	.byte	108                             @ DW_AT_data_member_location
	.byte	8                               @ Abbrev [8] 0x1ed:0xd DW_TAG_member
	.long	.Linfo_string37                 @ DW_AT_name
	.long	1017                            @ DW_AT_type
	.byte	3                               @ DW_AT_decl_file
	.short	1208                            @ DW_AT_decl_line
	.byte	112                             @ DW_AT_data_member_location
	.byte	8                               @ Abbrev [8] 0x1fa:0xd DW_TAG_member
	.long	.Linfo_string38                 @ DW_AT_name
	.long	993                             @ DW_AT_type
	.byte	3                               @ DW_AT_decl_file
	.short	1209                            @ DW_AT_decl_line
	.byte	128                             @ DW_AT_data_member_location
	.byte	8                               @ Abbrev [8] 0x207:0xd DW_TAG_member
	.long	.Linfo_string39                 @ DW_AT_name
	.long	993                             @ DW_AT_type
	.byte	3                               @ DW_AT_decl_file
	.short	1210                            @ DW_AT_decl_line
	.byte	132                             @ DW_AT_data_member_location
	.byte	8                               @ Abbrev [8] 0x214:0xd DW_TAG_member
	.long	.Linfo_string40                 @ DW_AT_name
	.long	993                             @ DW_AT_type
	.byte	3                               @ DW_AT_decl_file
	.short	1211                            @ DW_AT_decl_line
	.byte	136                             @ DW_AT_data_member_location
	.byte	8                               @ Abbrev [8] 0x221:0xd DW_TAG_member
	.long	.Linfo_string41                 @ DW_AT_name
	.long	993                             @ DW_AT_type
	.byte	3                               @ DW_AT_decl_file
	.short	1212                            @ DW_AT_decl_line
	.byte	140                             @ DW_AT_data_member_location
	.byte	8                               @ Abbrev [8] 0x22e:0xd DW_TAG_member
	.long	.Linfo_string42                 @ DW_AT_name
	.long	993                             @ DW_AT_type
	.byte	3                               @ DW_AT_decl_file
	.short	1213                            @ DW_AT_decl_line
	.byte	144                             @ DW_AT_data_member_location
	.byte	8                               @ Abbrev [8] 0x23b:0xd DW_TAG_member
	.long	.Linfo_string43                 @ DW_AT_name
	.long	993                             @ DW_AT_type
	.byte	3                               @ DW_AT_decl_file
	.short	1214                            @ DW_AT_decl_line
	.byte	148                             @ DW_AT_data_member_location
	.byte	8                               @ Abbrev [8] 0x248:0xd DW_TAG_member
	.long	.Linfo_string44                 @ DW_AT_name
	.long	993                             @ DW_AT_type
	.byte	3                               @ DW_AT_decl_file
	.short	1215                            @ DW_AT_decl_line
	.byte	152                             @ DW_AT_data_member_location
	.byte	8                               @ Abbrev [8] 0x255:0xd DW_TAG_member
	.long	.Linfo_string45                 @ DW_AT_name
	.long	993                             @ DW_AT_type
	.byte	3                               @ DW_AT_decl_file
	.short	1216                            @ DW_AT_decl_line
	.byte	156                             @ DW_AT_data_member_location
	.byte	8                               @ Abbrev [8] 0x262:0xd DW_TAG_member
	.long	.Linfo_string46                 @ DW_AT_name
	.long	993                             @ DW_AT_type
	.byte	3                               @ DW_AT_decl_file
	.short	1217                            @ DW_AT_decl_line
	.byte	160                             @ DW_AT_data_member_location
	.byte	8                               @ Abbrev [8] 0x26f:0xd DW_TAG_member
	.long	.Linfo_string47                 @ DW_AT_name
	.long	1029                            @ DW_AT_type
	.byte	3                               @ DW_AT_decl_file
	.short	1218                            @ DW_AT_decl_line
	.byte	164                             @ DW_AT_data_member_location
	.byte	8                               @ Abbrev [8] 0x27c:0xd DW_TAG_member
	.long	.Linfo_string48                 @ DW_AT_name
	.long	993                             @ DW_AT_type
	.byte	3                               @ DW_AT_decl_file
	.short	1219                            @ DW_AT_decl_line
	.byte	192                             @ DW_AT_data_member_location
	.byte	8                               @ Abbrev [8] 0x289:0xd DW_TAG_member
	.long	.Linfo_string49                 @ DW_AT_name
	.long	988                             @ DW_AT_type
	.byte	3                               @ DW_AT_decl_file
	.short	1220                            @ DW_AT_decl_line
	.byte	196                             @ DW_AT_data_member_location
	.byte	8                               @ Abbrev [8] 0x296:0xd DW_TAG_member
	.long	.Linfo_string50                 @ DW_AT_name
	.long	988                             @ DW_AT_type
	.byte	3                               @ DW_AT_decl_file
	.short	1221                            @ DW_AT_decl_line
	.byte	200                             @ DW_AT_data_member_location
	.byte	8                               @ Abbrev [8] 0x2a3:0xd DW_TAG_member
	.long	.Linfo_string51                 @ DW_AT_name
	.long	1041                            @ DW_AT_type
	.byte	3                               @ DW_AT_decl_file
	.short	1222                            @ DW_AT_decl_line
	.byte	204                             @ DW_AT_data_member_location
	.byte	8                               @ Abbrev [8] 0x2b0:0xd DW_TAG_member
	.long	.Linfo_string52                 @ DW_AT_name
	.long	993                             @ DW_AT_type
	.byte	3                               @ DW_AT_decl_file
	.short	1223                            @ DW_AT_decl_line
	.byte	220                             @ DW_AT_data_member_location
	.byte	8                               @ Abbrev [8] 0x2bd:0xd DW_TAG_member
	.long	.Linfo_string53                 @ DW_AT_name
	.long	993                             @ DW_AT_type
	.byte	3                               @ DW_AT_decl_file
	.short	1224                            @ DW_AT_decl_line
	.byte	224                             @ DW_AT_data_member_location
	.byte	8                               @ Abbrev [8] 0x2ca:0xd DW_TAG_member
	.long	.Linfo_string54                 @ DW_AT_name
	.long	993                             @ DW_AT_type
	.byte	3                               @ DW_AT_decl_file
	.short	1225                            @ DW_AT_decl_line
	.byte	228                             @ DW_AT_data_member_location
	.byte	8                               @ Abbrev [8] 0x2d7:0xd DW_TAG_member
	.long	.Linfo_string55                 @ DW_AT_name
	.long	993                             @ DW_AT_type
	.byte	3                               @ DW_AT_decl_file
	.short	1226                            @ DW_AT_decl_line
	.byte	232                             @ DW_AT_data_member_location
	.byte	8                               @ Abbrev [8] 0x2e4:0xd DW_TAG_member
	.long	.Linfo_string56                 @ DW_AT_name
	.long	993                             @ DW_AT_type
	.byte	3                               @ DW_AT_decl_file
	.short	1227                            @ DW_AT_decl_line
	.byte	236                             @ DW_AT_data_member_location
	.byte	8                               @ Abbrev [8] 0x2f1:0xd DW_TAG_member
	.long	.Linfo_string57                 @ DW_AT_name
	.long	993                             @ DW_AT_type
	.byte	3                               @ DW_AT_decl_file
	.short	1228                            @ DW_AT_decl_line
	.byte	240                             @ DW_AT_data_member_location
	.byte	8                               @ Abbrev [8] 0x2fe:0xd DW_TAG_member
	.long	.Linfo_string58                 @ DW_AT_name
	.long	993                             @ DW_AT_type
	.byte	3                               @ DW_AT_decl_file
	.short	1229                            @ DW_AT_decl_line
	.byte	244                             @ DW_AT_data_member_location
	.byte	8                               @ Abbrev [8] 0x30b:0xd DW_TAG_member
	.long	.Linfo_string59                 @ DW_AT_name
	.long	993                             @ DW_AT_type
	.byte	3                               @ DW_AT_decl_file
	.short	1230                            @ DW_AT_decl_line
	.byte	248                             @ DW_AT_data_member_location
	.byte	8                               @ Abbrev [8] 0x318:0xd DW_TAG_member
	.long	.Linfo_string60                 @ DW_AT_name
	.long	998                             @ DW_AT_type
	.byte	3                               @ DW_AT_decl_file
	.short	1231                            @ DW_AT_decl_line
	.byte	252                             @ DW_AT_data_member_location
	.byte	9                               @ Abbrev [9] 0x325:0xe DW_TAG_member
	.long	.Linfo_string61                 @ DW_AT_name
	.long	993                             @ DW_AT_type
	.byte	3                               @ DW_AT_decl_file
	.short	1232                            @ DW_AT_decl_line
	.short	256                             @ DW_AT_data_member_location
	.byte	9                               @ Abbrev [9] 0x333:0xe DW_TAG_member
	.long	.Linfo_string62                 @ DW_AT_name
	.long	1053                            @ DW_AT_type
	.byte	3                               @ DW_AT_decl_file
	.short	1233                            @ DW_AT_decl_line
	.short	260                             @ DW_AT_data_member_location
	.byte	9                               @ Abbrev [9] 0x341:0xe DW_TAG_member
	.long	.Linfo_string63                 @ DW_AT_name
	.long	993                             @ DW_AT_type
	.byte	3                               @ DW_AT_decl_file
	.short	1234                            @ DW_AT_decl_line
	.short	472                             @ DW_AT_data_member_location
	.byte	9                               @ Abbrev [9] 0x34f:0xe DW_TAG_member
	.long	.Linfo_string64                 @ DW_AT_name
	.long	993                             @ DW_AT_type
	.byte	3                               @ DW_AT_decl_file
	.short	1235                            @ DW_AT_decl_line
	.short	476                             @ DW_AT_data_member_location
	.byte	9                               @ Abbrev [9] 0x35d:0xe DW_TAG_member
	.long	.Linfo_string65                 @ DW_AT_name
	.long	993                             @ DW_AT_type
	.byte	3                               @ DW_AT_decl_file
	.short	1236                            @ DW_AT_decl_line
	.short	480                             @ DW_AT_data_member_location
	.byte	9                               @ Abbrev [9] 0x36b:0xe DW_TAG_member
	.long	.Linfo_string66                 @ DW_AT_name
	.long	1065                            @ DW_AT_type
	.byte	3                               @ DW_AT_decl_file
	.short	1237                            @ DW_AT_decl_line
	.short	484                             @ DW_AT_data_member_location
	.byte	9                               @ Abbrev [9] 0x379:0xe DW_TAG_member
	.long	.Linfo_string67                 @ DW_AT_name
	.long	993                             @ DW_AT_type
	.byte	3                               @ DW_AT_decl_file
	.short	1238                            @ DW_AT_decl_line
	.short	492                             @ DW_AT_data_member_location
	.byte	9                               @ Abbrev [9] 0x387:0xe DW_TAG_member
	.long	.Linfo_string68                 @ DW_AT_name
	.long	998                             @ DW_AT_type
	.byte	3                               @ DW_AT_decl_file
	.short	1239                            @ DW_AT_decl_line
	.short	496                             @ DW_AT_data_member_location
	.byte	9                               @ Abbrev [9] 0x395:0xe DW_TAG_member
	.long	.Linfo_string69                 @ DW_AT_name
	.long	993                             @ DW_AT_type
	.byte	3                               @ DW_AT_decl_file
	.short	1240                            @ DW_AT_decl_line
	.short	500                             @ DW_AT_data_member_location
	.byte	9                               @ Abbrev [9] 0x3a3:0xe DW_TAG_member
	.long	.Linfo_string70                 @ DW_AT_name
	.long	993                             @ DW_AT_type
	.byte	3                               @ DW_AT_decl_file
	.short	1241                            @ DW_AT_decl_line
	.short	504                             @ DW_AT_data_member_location
	.byte	9                               @ Abbrev [9] 0x3b1:0xe DW_TAG_member
	.long	.Linfo_string71                 @ DW_AT_name
	.long	993                             @ DW_AT_type
	.byte	3                               @ DW_AT_decl_file
	.short	1242                            @ DW_AT_decl_line
	.short	508                             @ DW_AT_data_member_location
	.byte	9                               @ Abbrev [9] 0x3bf:0xe DW_TAG_member
	.long	.Linfo_string72                 @ DW_AT_name
	.long	1077                            @ DW_AT_type
	.byte	3                               @ DW_AT_decl_file
	.short	1243                            @ DW_AT_decl_line
	.short	512                             @ DW_AT_data_member_location
	.byte	9                               @ Abbrev [9] 0x3cd:0xe DW_TAG_member
	.long	.Linfo_string73                 @ DW_AT_name
	.long	993                             @ DW_AT_type
	.byte	3                               @ DW_AT_decl_file
	.short	1244                            @ DW_AT_decl_line
	.short	1024                            @ DW_AT_data_member_location
	.byte	0                               @ End Of Children Mark
	.byte	10                              @ Abbrev [10] 0x3dc:0x5 DW_TAG_const_type
	.long	993                             @ DW_AT_type
	.byte	11                              @ Abbrev [11] 0x3e1:0x5 DW_TAG_volatile_type
	.long	55                              @ DW_AT_type
	.byte	12                              @ Abbrev [12] 0x3e6:0xc DW_TAG_array_type
	.long	988                             @ DW_AT_type
	.byte	13                              @ Abbrev [13] 0x3eb:0x6 DW_TAG_subrange_type
	.long	1010                            @ DW_AT_type
	.byte	1                               @ DW_AT_count
	.byte	0                               @ End Of Children Mark
	.byte	14                              @ Abbrev [14] 0x3f2:0x7 DW_TAG_base_type
	.long	.Linfo_string14                 @ DW_AT_name
	.byte	8                               @ DW_AT_byte_size
	.byte	7                               @ DW_AT_encoding
	.byte	12                              @ Abbrev [12] 0x3f9:0xc DW_TAG_array_type
	.long	988                             @ DW_AT_type
	.byte	13                              @ Abbrev [13] 0x3fe:0x6 DW_TAG_subrange_type
	.long	1010                            @ DW_AT_type
	.byte	4                               @ DW_AT_count
	.byte	0                               @ End Of Children Mark
	.byte	12                              @ Abbrev [12] 0x405:0xc DW_TAG_array_type
	.long	988                             @ DW_AT_type
	.byte	13                              @ Abbrev [13] 0x40a:0x6 DW_TAG_subrange_type
	.long	1010                            @ DW_AT_type
	.byte	7                               @ DW_AT_count
	.byte	0                               @ End Of Children Mark
	.byte	12                              @ Abbrev [12] 0x411:0xc DW_TAG_array_type
	.long	993                             @ DW_AT_type
	.byte	13                              @ Abbrev [13] 0x416:0x6 DW_TAG_subrange_type
	.long	1010                            @ DW_AT_type
	.byte	4                               @ DW_AT_count
	.byte	0                               @ End Of Children Mark
	.byte	12                              @ Abbrev [12] 0x41d:0xc DW_TAG_array_type
	.long	988                             @ DW_AT_type
	.byte	13                              @ Abbrev [13] 0x422:0x6 DW_TAG_subrange_type
	.long	1010                            @ DW_AT_type
	.byte	53                              @ DW_AT_count
	.byte	0                               @ End Of Children Mark
	.byte	12                              @ Abbrev [12] 0x429:0xc DW_TAG_array_type
	.long	988                             @ DW_AT_type
	.byte	13                              @ Abbrev [13] 0x42e:0x6 DW_TAG_subrange_type
	.long	1010                            @ DW_AT_type
	.byte	2                               @ DW_AT_count
	.byte	0                               @ End Of Children Mark
	.byte	12                              @ Abbrev [12] 0x435:0xc DW_TAG_array_type
	.long	988                             @ DW_AT_type
	.byte	13                              @ Abbrev [13] 0x43a:0x6 DW_TAG_subrange_type
	.long	1010                            @ DW_AT_type
	.byte	128                             @ DW_AT_count
	.byte	0                               @ End Of Children Mark
	.byte	5                               @ Abbrev [5] 0x441:0x5 DW_TAG_pointer_type
	.long	1094                            @ DW_AT_type
	.byte	6                               @ Abbrev [6] 0x446:0xc DW_TAG_typedef
	.long	1106                            @ DW_AT_type
	.long	.Linfo_string103                @ DW_AT_name
	.byte	4                               @ DW_AT_decl_file
	.short	1139                            @ DW_AT_decl_line
	.byte	15                              @ Abbrev [15] 0x452:0x1cc DW_TAG_structure_type
	.byte	184                             @ DW_AT_byte_size
	.byte	4                               @ DW_AT_decl_file
	.byte	26                              @ DW_AT_decl_line
	.byte	8                               @ Abbrev [8] 0x456:0xd DW_TAG_member
	.long	.Linfo_string75                 @ DW_AT_name
	.long	993                             @ DW_AT_type
	.byte	4                               @ DW_AT_decl_file
	.short	1103                            @ DW_AT_decl_line
	.byte	0                               @ DW_AT_data_member_location
	.byte	8                               @ Abbrev [8] 0x463:0xd DW_TAG_member
	.long	.Linfo_string76                 @ DW_AT_name
	.long	993                             @ DW_AT_type
	.byte	4                               @ DW_AT_decl_file
	.short	1104                            @ DW_AT_decl_line
	.byte	4                               @ DW_AT_data_member_location
	.byte	8                               @ Abbrev [8] 0x470:0xd DW_TAG_member
	.long	.Linfo_string77                 @ DW_AT_name
	.long	993                             @ DW_AT_type
	.byte	4                               @ DW_AT_decl_file
	.short	1105                            @ DW_AT_decl_line
	.byte	8                               @ DW_AT_data_member_location
	.byte	8                               @ Abbrev [8] 0x47d:0xd DW_TAG_member
	.long	.Linfo_string78                 @ DW_AT_name
	.long	993                             @ DW_AT_type
	.byte	4                               @ DW_AT_decl_file
	.short	1106                            @ DW_AT_decl_line
	.byte	12                              @ DW_AT_data_member_location
	.byte	8                               @ Abbrev [8] 0x48a:0xd DW_TAG_member
	.long	.Linfo_string79                 @ DW_AT_name
	.long	993                             @ DW_AT_type
	.byte	4                               @ DW_AT_decl_file
	.short	1107                            @ DW_AT_decl_line
	.byte	16                              @ DW_AT_data_member_location
	.byte	8                               @ Abbrev [8] 0x497:0xd DW_TAG_member
	.long	.Linfo_string80                 @ DW_AT_name
	.long	993                             @ DW_AT_type
	.byte	4                               @ DW_AT_decl_file
	.short	1108                            @ DW_AT_decl_line
	.byte	20                              @ DW_AT_data_member_location
	.byte	8                               @ Abbrev [8] 0x4a4:0xd DW_TAG_member
	.long	.Linfo_string81                 @ DW_AT_name
	.long	993                             @ DW_AT_type
	.byte	4                               @ DW_AT_decl_file
	.short	1109                            @ DW_AT_decl_line
	.byte	24                              @ DW_AT_data_member_location
	.byte	8                               @ Abbrev [8] 0x4b1:0xd DW_TAG_member
	.long	.Linfo_string82                 @ DW_AT_name
	.long	993                             @ DW_AT_type
	.byte	4                               @ DW_AT_decl_file
	.short	1110                            @ DW_AT_decl_line
	.byte	28                              @ DW_AT_data_member_location
	.byte	8                               @ Abbrev [8] 0x4be:0xd DW_TAG_member
	.long	.Linfo_string83                 @ DW_AT_name
	.long	993                             @ DW_AT_type
	.byte	4                               @ DW_AT_decl_file
	.short	1111                            @ DW_AT_decl_line
	.byte	32                              @ DW_AT_data_member_location
	.byte	8                               @ Abbrev [8] 0x4cb:0xd DW_TAG_member
	.long	.Linfo_string84                 @ DW_AT_name
	.long	993                             @ DW_AT_type
	.byte	4                               @ DW_AT_decl_file
	.short	1112                            @ DW_AT_decl_line
	.byte	36                              @ DW_AT_data_member_location
	.byte	8                               @ Abbrev [8] 0x4d8:0xd DW_TAG_member
	.long	.Linfo_string13                 @ DW_AT_name
	.long	1065                            @ DW_AT_type
	.byte	4                               @ DW_AT_decl_file
	.short	1113                            @ DW_AT_decl_line
	.byte	40                              @ DW_AT_data_member_location
	.byte	8                               @ Abbrev [8] 0x4e5:0xd DW_TAG_member
	.long	.Linfo_string85                 @ DW_AT_name
	.long	993                             @ DW_AT_type
	.byte	4                               @ DW_AT_decl_file
	.short	1114                            @ DW_AT_decl_line
	.byte	48                              @ DW_AT_data_member_location
	.byte	8                               @ Abbrev [8] 0x4f2:0xd DW_TAG_member
	.long	.Linfo_string62                 @ DW_AT_name
	.long	998                             @ DW_AT_type
	.byte	4                               @ DW_AT_decl_file
	.short	1115                            @ DW_AT_decl_line
	.byte	52                              @ DW_AT_data_member_location
	.byte	8                               @ Abbrev [8] 0x4ff:0xd DW_TAG_member
	.long	.Linfo_string17                 @ DW_AT_name
	.long	1065                            @ DW_AT_type
	.byte	4                               @ DW_AT_decl_file
	.short	1116                            @ DW_AT_decl_line
	.byte	56                              @ DW_AT_data_member_location
	.byte	8                               @ Abbrev [8] 0x50c:0xd DW_TAG_member
	.long	.Linfo_string86                 @ DW_AT_name
	.long	993                             @ DW_AT_type
	.byte	4                               @ DW_AT_decl_file
	.short	1117                            @ DW_AT_decl_line
	.byte	64                              @ DW_AT_data_member_location
	.byte	8                               @ Abbrev [8] 0x519:0xd DW_TAG_member
	.long	.Linfo_string37                 @ DW_AT_name
	.long	1566                            @ DW_AT_type
	.byte	4                               @ DW_AT_decl_file
	.short	1118                            @ DW_AT_decl_line
	.byte	68                              @ DW_AT_data_member_location
	.byte	8                               @ Abbrev [8] 0x526:0xd DW_TAG_member
	.long	.Linfo_string87                 @ DW_AT_name
	.long	988                             @ DW_AT_type
	.byte	4                               @ DW_AT_decl_file
	.short	1119                            @ DW_AT_decl_line
	.byte	80                              @ DW_AT_data_member_location
	.byte	8                               @ Abbrev [8] 0x533:0xd DW_TAG_member
	.long	.Linfo_string47                 @ DW_AT_name
	.long	1566                            @ DW_AT_type
	.byte	4                               @ DW_AT_decl_file
	.short	1120                            @ DW_AT_decl_line
	.byte	84                              @ DW_AT_data_member_location
	.byte	8                               @ Abbrev [8] 0x540:0xd DW_TAG_member
	.long	.Linfo_string88                 @ DW_AT_name
	.long	993                             @ DW_AT_type
	.byte	4                               @ DW_AT_decl_file
	.short	1121                            @ DW_AT_decl_line
	.byte	96                              @ DW_AT_data_member_location
	.byte	8                               @ Abbrev [8] 0x54d:0xd DW_TAG_member
	.long	.Linfo_string51                 @ DW_AT_name
	.long	1566                            @ DW_AT_type
	.byte	4                               @ DW_AT_decl_file
	.short	1122                            @ DW_AT_decl_line
	.byte	100                             @ DW_AT_data_member_location
	.byte	8                               @ Abbrev [8] 0x55a:0xd DW_TAG_member
	.long	.Linfo_string89                 @ DW_AT_name
	.long	993                             @ DW_AT_type
	.byte	4                               @ DW_AT_decl_file
	.short	1123                            @ DW_AT_decl_line
	.byte	112                             @ DW_AT_data_member_location
	.byte	8                               @ Abbrev [8] 0x567:0xd DW_TAG_member
	.long	.Linfo_string90                 @ DW_AT_name
	.long	993                             @ DW_AT_type
	.byte	4                               @ DW_AT_decl_file
	.short	1124                            @ DW_AT_decl_line
	.byte	116                             @ DW_AT_data_member_location
	.byte	8                               @ Abbrev [8] 0x574:0xd DW_TAG_member
	.long	.Linfo_string91                 @ DW_AT_name
	.long	993                             @ DW_AT_type
	.byte	4                               @ DW_AT_decl_file
	.short	1125                            @ DW_AT_decl_line
	.byte	120                             @ DW_AT_data_member_location
	.byte	8                               @ Abbrev [8] 0x581:0xd DW_TAG_member
	.long	.Linfo_string92                 @ DW_AT_name
	.long	993                             @ DW_AT_type
	.byte	4                               @ DW_AT_decl_file
	.short	1126                            @ DW_AT_decl_line
	.byte	124                             @ DW_AT_data_member_location
	.byte	8                               @ Abbrev [8] 0x58e:0xd DW_TAG_member
	.long	.Linfo_string93                 @ DW_AT_name
	.long	1017                            @ DW_AT_type
	.byte	4                               @ DW_AT_decl_file
	.short	1127                            @ DW_AT_decl_line
	.byte	128                             @ DW_AT_data_member_location
	.byte	8                               @ Abbrev [8] 0x59b:0xd DW_TAG_member
	.long	.Linfo_string94                 @ DW_AT_name
	.long	993                             @ DW_AT_type
	.byte	4                               @ DW_AT_decl_file
	.short	1128                            @ DW_AT_decl_line
	.byte	144                             @ DW_AT_data_member_location
	.byte	8                               @ Abbrev [8] 0x5a8:0xd DW_TAG_member
	.long	.Linfo_string95                 @ DW_AT_name
	.long	993                             @ DW_AT_type
	.byte	4                               @ DW_AT_decl_file
	.short	1129                            @ DW_AT_decl_line
	.byte	148                             @ DW_AT_data_member_location
	.byte	8                               @ Abbrev [8] 0x5b5:0xd DW_TAG_member
	.long	.Linfo_string60                 @ DW_AT_name
	.long	998                             @ DW_AT_type
	.byte	4                               @ DW_AT_decl_file
	.short	1130                            @ DW_AT_decl_line
	.byte	152                             @ DW_AT_data_member_location
	.byte	8                               @ Abbrev [8] 0x5c2:0xd DW_TAG_member
	.long	.Linfo_string96                 @ DW_AT_name
	.long	993                             @ DW_AT_type
	.byte	4                               @ DW_AT_decl_file
	.short	1131                            @ DW_AT_decl_line
	.byte	156                             @ DW_AT_data_member_location
	.byte	8                               @ Abbrev [8] 0x5cf:0xd DW_TAG_member
	.long	.Linfo_string97                 @ DW_AT_name
	.long	993                             @ DW_AT_type
	.byte	4                               @ DW_AT_decl_file
	.short	1132                            @ DW_AT_decl_line
	.byte	160                             @ DW_AT_data_member_location
	.byte	8                               @ Abbrev [8] 0x5dc:0xd DW_TAG_member
	.long	.Linfo_string98                 @ DW_AT_name
	.long	993                             @ DW_AT_type
	.byte	4                               @ DW_AT_decl_file
	.short	1133                            @ DW_AT_decl_line
	.byte	164                             @ DW_AT_data_member_location
	.byte	8                               @ Abbrev [8] 0x5e9:0xd DW_TAG_member
	.long	.Linfo_string99                 @ DW_AT_name
	.long	993                             @ DW_AT_type
	.byte	4                               @ DW_AT_decl_file
	.short	1134                            @ DW_AT_decl_line
	.byte	168                             @ DW_AT_data_member_location
	.byte	8                               @ Abbrev [8] 0x5f6:0xd DW_TAG_member
	.long	.Linfo_string100                @ DW_AT_name
	.long	993                             @ DW_AT_type
	.byte	4                               @ DW_AT_decl_file
	.short	1135                            @ DW_AT_decl_line
	.byte	172                             @ DW_AT_data_member_location
	.byte	8                               @ Abbrev [8] 0x603:0xd DW_TAG_member
	.long	.Linfo_string101                @ DW_AT_name
	.long	993                             @ DW_AT_type
	.byte	4                               @ DW_AT_decl_file
	.short	1136                            @ DW_AT_decl_line
	.byte	176                             @ DW_AT_data_member_location
	.byte	8                               @ Abbrev [8] 0x610:0xd DW_TAG_member
	.long	.Linfo_string102                @ DW_AT_name
	.long	993                             @ DW_AT_type
	.byte	4                               @ DW_AT_decl_file
	.short	1137                            @ DW_AT_decl_line
	.byte	180                             @ DW_AT_data_member_location
	.byte	0                               @ End Of Children Mark
	.byte	12                              @ Abbrev [12] 0x61e:0xc DW_TAG_array_type
	.long	988                             @ DW_AT_type
	.byte	13                              @ Abbrev [13] 0x623:0x6 DW_TAG_subrange_type
	.long	1010                            @ DW_AT_type
	.byte	3                               @ DW_AT_count
	.byte	0                               @ End Of Children Mark
	.byte	5                               @ Abbrev [5] 0x62a:0x5 DW_TAG_pointer_type
	.long	1583                            @ DW_AT_type
	.byte	6                               @ Abbrev [6] 0x62f:0xc DW_TAG_typedef
	.long	1595                            @ DW_AT_type
	.long	.Linfo_string113                @ DW_AT_name
	.byte	5                               @ DW_AT_decl_file
	.short	396                             @ DW_AT_decl_line
	.byte	16                              @ Abbrev [16] 0x63b:0x7b DW_TAG_structure_type
	.byte	40                              @ DW_AT_byte_size
	.byte	5                               @ DW_AT_decl_file
	.short	381                             @ DW_AT_decl_line
	.byte	8                               @ Abbrev [8] 0x640:0xd DW_TAG_member
	.long	.Linfo_string104                @ DW_AT_name
	.long	988                             @ DW_AT_type
	.byte	5                               @ DW_AT_decl_file
	.short	383                             @ DW_AT_decl_line
	.byte	0                               @ DW_AT_data_member_location
	.byte	8                               @ Abbrev [8] 0x64d:0xd DW_TAG_member
	.long	.Linfo_string105                @ DW_AT_name
	.long	993                             @ DW_AT_type
	.byte	5                               @ DW_AT_decl_file
	.short	384                             @ DW_AT_decl_line
	.byte	4                               @ DW_AT_data_member_location
	.byte	8                               @ Abbrev [8] 0x65a:0xd DW_TAG_member
	.long	.Linfo_string106                @ DW_AT_name
	.long	993                             @ DW_AT_type
	.byte	5                               @ DW_AT_decl_file
	.short	386                             @ DW_AT_decl_line
	.byte	8                               @ DW_AT_data_member_location
	.byte	8                               @ Abbrev [8] 0x667:0xd DW_TAG_member
	.long	.Linfo_string107                @ DW_AT_name
	.long	993                             @ DW_AT_type
	.byte	5                               @ DW_AT_decl_file
	.short	390                             @ DW_AT_decl_line
	.byte	12                              @ DW_AT_data_member_location
	.byte	8                               @ Abbrev [8] 0x674:0xd DW_TAG_member
	.long	.Linfo_string108                @ DW_AT_name
	.long	993                             @ DW_AT_type
	.byte	5                               @ DW_AT_decl_file
	.short	391                             @ DW_AT_decl_line
	.byte	16                              @ DW_AT_data_member_location
	.byte	8                               @ Abbrev [8] 0x681:0xd DW_TAG_member
	.long	.Linfo_string109                @ DW_AT_name
	.long	993                             @ DW_AT_type
	.byte	5                               @ DW_AT_decl_file
	.short	392                             @ DW_AT_decl_line
	.byte	20                              @ DW_AT_data_member_location
	.byte	8                               @ Abbrev [8] 0x68e:0xd DW_TAG_member
	.long	.Linfo_string110                @ DW_AT_name
	.long	55                              @ DW_AT_type
	.byte	5                               @ DW_AT_decl_file
	.short	393                             @ DW_AT_decl_line
	.byte	24                              @ DW_AT_data_member_location
	.byte	8                               @ Abbrev [8] 0x69b:0xd DW_TAG_member
	.long	.Linfo_string111                @ DW_AT_name
	.long	1718                            @ DW_AT_type
	.byte	5                               @ DW_AT_decl_file
	.short	394                             @ DW_AT_decl_line
	.byte	28                              @ DW_AT_data_member_location
	.byte	8                               @ Abbrev [8] 0x6a8:0xd DW_TAG_member
	.long	.Linfo_string112                @ DW_AT_name
	.long	993                             @ DW_AT_type
	.byte	5                               @ DW_AT_decl_file
	.short	395                             @ DW_AT_decl_line
	.byte	36                              @ DW_AT_data_member_location
	.byte	0                               @ End Of Children Mark
	.byte	12                              @ Abbrev [12] 0x6b6:0xc DW_TAG_array_type
	.long	993                             @ DW_AT_type
	.byte	13                              @ Abbrev [13] 0x6bb:0x6 DW_TAG_subrange_type
	.long	1010                            @ DW_AT_type
	.byte	2                               @ DW_AT_count
	.byte	0                               @ End Of Children Mark
	.byte	17                              @ Abbrev [17] 0x6c2:0x12 DW_TAG_subprogram
	.long	.Lfunc_begin0                   @ DW_AT_low_pc
	.long	.Lfunc_end0-.Lfunc_begin0       @ DW_AT_high_pc
	.byte	1                               @ DW_AT_frame_base
	.byte	93
	.long	.Linfo_string114                @ DW_AT_name
	.byte	2                               @ DW_AT_decl_file
	.short	384                             @ DW_AT_decl_line
                                        @ DW_AT_prototyped
                                        @ DW_AT_external
                                        @ DW_AT_noreturn
	.byte	18                              @ Abbrev [18] 0x6d4:0x12 DW_TAG_subprogram
	.long	.Lfunc_begin1                   @ DW_AT_low_pc
	.long	.Lfunc_end1-.Lfunc_begin1       @ DW_AT_high_pc
	.byte	1                               @ DW_AT_frame_base
	.byte	93
	.long	.Linfo_string115                @ DW_AT_name
	.byte	2                               @ DW_AT_decl_file
	.short	397                             @ DW_AT_decl_line
                                        @ DW_AT_prototyped
                                        @ DW_AT_external
	.byte	18                              @ Abbrev [18] 0x6e6:0x12 DW_TAG_subprogram
	.long	.Lfunc_begin2                   @ DW_AT_low_pc
	.long	.Lfunc_end2-.Lfunc_begin2       @ DW_AT_high_pc
	.byte	1                               @ DW_AT_frame_base
	.byte	93
	.long	.Linfo_string116                @ DW_AT_name
	.byte	2                               @ DW_AT_decl_file
	.short	416                             @ DW_AT_decl_line
                                        @ DW_AT_prototyped
                                        @ DW_AT_external
	.byte	0                               @ End Of Children Mark
.Ldebug_info_end0:
	.section	.debug_ranges,"",%progbits
.Ldebug_ranges0:
	.long	.Lfunc_begin0
	.long	.Lfunc_end0
	.long	.Lfunc_begin1
	.long	.Lfunc_end1
	.long	.Lfunc_begin2
	.long	.Lfunc_end2
	.long	0
	.long	0
	.section	.debug_str,"MS",%progbits,1
.Linfo_string0:
	.asciz	"Component: Arm Compiler for Embedded 6.22 Tool: armclang [5ee92100]" @ string offset=0
.Linfo_string1:
	.asciz	"../../../../../Library/Device/Nuvoton/M2354/Source\\system_M2354.c" @ string offset=68
.Linfo_string2:
	.asciz	"C:\\Users\\LogoslabMiniPC\\GitHub_Box_Windows\\logoslab\\M2354\\Old_M2354_BSP_300004\\SampleCode\\TrustZone\\Borhan-E-Voting-System\\Nonsecure\\KEIL" @ string offset=134
.Linfo_string3:
	.asciz	"SystemCoreClock"               @ string offset=272
.Linfo_string4:
	.asciz	"unsigned int"                  @ string offset=288
.Linfo_string5:
	.asciz	"uint32_t"                      @ string offset=301
.Linfo_string6:
	.asciz	"CyclesPerUs"                   @ string offset=310
.Linfo_string7:
	.asciz	"PllClock"                      @ string offset=322
.Linfo_string8:
	.asciz	"PDID"                          @ string offset=331
.Linfo_string9:
	.asciz	"RSTSTS"                        @ string offset=336
.Linfo_string10:
	.asciz	"IPRST0"                        @ string offset=343
.Linfo_string11:
	.asciz	"IPRST1"                        @ string offset=350
.Linfo_string12:
	.asciz	"IPRST2"                        @ string offset=357
.Linfo_string13:
	.asciz	"RESERVE0"                      @ string offset=364
.Linfo_string14:
	.asciz	"__ARRAY_SIZE_TYPE__"           @ string offset=373
.Linfo_string15:
	.asciz	"BODCTL"                        @ string offset=393
.Linfo_string16:
	.asciz	"IVSCTL"                        @ string offset=400
.Linfo_string17:
	.asciz	"RESERVE1"                      @ string offset=407
.Linfo_string18:
	.asciz	"PORCTL0"                       @ string offset=416
.Linfo_string19:
	.asciz	"VREFCTL"                       @ string offset=424
.Linfo_string20:
	.asciz	"USBPHY"                        @ string offset=432
.Linfo_string21:
	.asciz	"GPA_MFPL"                      @ string offset=439
.Linfo_string22:
	.asciz	"GPA_MFPH"                      @ string offset=448
.Linfo_string23:
	.asciz	"GPB_MFPL"                      @ string offset=457
.Linfo_string24:
	.asciz	"GPB_MFPH"                      @ string offset=466
.Linfo_string25:
	.asciz	"GPC_MFPL"                      @ string offset=475
.Linfo_string26:
	.asciz	"GPC_MFPH"                      @ string offset=484
.Linfo_string27:
	.asciz	"GPD_MFPL"                      @ string offset=493
.Linfo_string28:
	.asciz	"GPD_MFPH"                      @ string offset=502
.Linfo_string29:
	.asciz	"GPE_MFPL"                      @ string offset=511
.Linfo_string30:
	.asciz	"GPE_MFPH"                      @ string offset=520
.Linfo_string31:
	.asciz	"GPF_MFPL"                      @ string offset=529
.Linfo_string32:
	.asciz	"GPF_MFPH"                      @ string offset=538
.Linfo_string33:
	.asciz	"GPG_MFPL"                      @ string offset=547
.Linfo_string34:
	.asciz	"GPG_MFPH"                      @ string offset=556
.Linfo_string35:
	.asciz	"GPH_MFPL"                      @ string offset=565
.Linfo_string36:
	.asciz	"GPH_MFPH"                      @ string offset=574
.Linfo_string37:
	.asciz	"RESERVE2"                      @ string offset=583
.Linfo_string38:
	.asciz	"GPA_MFOS"                      @ string offset=592
.Linfo_string39:
	.asciz	"GPB_MFOS"                      @ string offset=601
.Linfo_string40:
	.asciz	"GPC_MFOS"                      @ string offset=610
.Linfo_string41:
	.asciz	"GPD_MFOS"                      @ string offset=619
.Linfo_string42:
	.asciz	"GPE_MFOS"                      @ string offset=628
.Linfo_string43:
	.asciz	"GPF_MFOS"                      @ string offset=637
.Linfo_string44:
	.asciz	"GPG_MFOS"                      @ string offset=646
.Linfo_string45:
	.asciz	"GPH_MFOS"                      @ string offset=655
.Linfo_string46:
	.asciz	"VTORSET"                       @ string offset=664
.Linfo_string47:
	.asciz	"RESERVE3"                      @ string offset=672
.Linfo_string48:
	.asciz	"SRAMICTL"                      @ string offset=681
.Linfo_string49:
	.asciz	"SRAMSTS"                       @ string offset=690
.Linfo_string50:
	.asciz	"SRAMEADR"                      @ string offset=698
.Linfo_string51:
	.asciz	"RESERVE4"                      @ string offset=707
.Linfo_string52:
	.asciz	"SRAMPC0"                       @ string offset=716
.Linfo_string53:
	.asciz	"SRAMPC1"                       @ string offset=724
.Linfo_string54:
	.asciz	"TCTL48M"                       @ string offset=732
.Linfo_string55:
	.asciz	"TIEN48M"                       @ string offset=740
.Linfo_string56:
	.asciz	"TISTS48M"                      @ string offset=748
.Linfo_string57:
	.asciz	"TCTL12M"                       @ string offset=757
.Linfo_string58:
	.asciz	"TIEN12M"                       @ string offset=765
.Linfo_string59:
	.asciz	"TISTS12M"                      @ string offset=773
.Linfo_string60:
	.asciz	"RESERVE6"                      @ string offset=782
.Linfo_string61:
	.asciz	"REGLCTL"                       @ string offset=791
.Linfo_string62:
	.asciz	"RESERVE7"                      @ string offset=799
.Linfo_string63:
	.asciz	"CPUCFG"                        @ string offset=808
.Linfo_string64:
	.asciz	"BATLDCTL"                      @ string offset=815
.Linfo_string65:
	.asciz	"OVDCTL"                        @ string offset=824
.Linfo_string66:
	.asciz	"RESERVE8"                      @ string offset=831
.Linfo_string67:
	.asciz	"PORCTL1"                       @ string offset=840
.Linfo_string68:
	.asciz	"RESERVE9"                      @ string offset=848
.Linfo_string69:
	.asciz	"PSWCTL"                        @ string offset=857
.Linfo_string70:
	.asciz	"PLCTL"                         @ string offset=864
.Linfo_string71:
	.asciz	"PLSTS"                         @ string offset=870
.Linfo_string72:
	.asciz	"RESERVE10"                     @ string offset=876
.Linfo_string73:
	.asciz	"AHBMCTL"                       @ string offset=886
.Linfo_string74:
	.asciz	"SYS_T"                         @ string offset=894
.Linfo_string75:
	.asciz	"PWRCTL"                        @ string offset=900
.Linfo_string76:
	.asciz	"AHBCLK"                        @ string offset=907
.Linfo_string77:
	.asciz	"APBCLK0"                       @ string offset=914
.Linfo_string78:
	.asciz	"APBCLK1"                       @ string offset=922
.Linfo_string79:
	.asciz	"CLKSEL0"                       @ string offset=930
.Linfo_string80:
	.asciz	"CLKSEL1"                       @ string offset=938
.Linfo_string81:
	.asciz	"CLKSEL2"                       @ string offset=946
.Linfo_string82:
	.asciz	"CLKSEL3"                       @ string offset=954
.Linfo_string83:
	.asciz	"CLKDIV0"                       @ string offset=962
.Linfo_string84:
	.asciz	"CLKDIV1"                       @ string offset=970
.Linfo_string85:
	.asciz	"CLKDIV4"                       @ string offset=978
.Linfo_string86:
	.asciz	"PLLCTL"                        @ string offset=986
.Linfo_string87:
	.asciz	"STATUS"                        @ string offset=993
.Linfo_string88:
	.asciz	"CLKOCTL"                       @ string offset=1000
.Linfo_string89:
	.asciz	"CLKDCTL"                       @ string offset=1008
.Linfo_string90:
	.asciz	"CLKDSTS"                       @ string offset=1016
.Linfo_string91:
	.asciz	"CDUPB"                         @ string offset=1024
.Linfo_string92:
	.asciz	"CDLOWB"                        @ string offset=1030
.Linfo_string93:
	.asciz	"RESERVE5"                      @ string offset=1037
.Linfo_string94:
	.asciz	"PMUCTL"                        @ string offset=1046
.Linfo_string95:
	.asciz	"PMUSTS"                        @ string offset=1053
.Linfo_string96:
	.asciz	"SWKDBCTL"                      @ string offset=1060
.Linfo_string97:
	.asciz	"PASWKCTL"                      @ string offset=1069
.Linfo_string98:
	.asciz	"PBSWKCTL"                      @ string offset=1078
.Linfo_string99:
	.asciz	"PCSWKCTL"                      @ string offset=1087
.Linfo_string100:
	.asciz	"PDSWKCTL"                      @ string offset=1096
.Linfo_string101:
	.asciz	"IOPDCTL"                       @ string offset=1105
.Linfo_string102:
	.asciz	"HXTFSEL"                       @ string offset=1113
.Linfo_string103:
	.asciz	"CLK_T"                         @ string offset=1121
.Linfo_string104:
	.asciz	"CPUID"                         @ string offset=1127
.Linfo_string105:
	.asciz	"ICSR"                          @ string offset=1133
.Linfo_string106:
	.asciz	"VTOR"                          @ string offset=1138
.Linfo_string107:
	.asciz	"AIRCR"                         @ string offset=1143
.Linfo_string108:
	.asciz	"SCR"                           @ string offset=1149
.Linfo_string109:
	.asciz	"CCR"                           @ string offset=1153
.Linfo_string110:
	.asciz	"RESERVED1"                     @ string offset=1157
.Linfo_string111:
	.asciz	"SHPR"                          @ string offset=1167
.Linfo_string112:
	.asciz	"SHCSR"                         @ string offset=1172
.Linfo_string113:
	.asciz	"SCB_Type"                      @ string offset=1178
.Linfo_string114:
	.asciz	"SCU_IRQHandler"                @ string offset=1187
.Linfo_string115:
	.asciz	"SystemCoreClockUpdate"         @ string offset=1202
.Linfo_string116:
	.asciz	"SystemInit"                    @ string offset=1224
	.ident	"Component: Arm Compiler for Embedded 6.22 Tool: armclang [5ee92100]"
	.section	".note.GNU-stack","",%progbits
	.eabi_attribute	30, 6	@ Tag_ABI_optimization_goals
	.ARM_attribute	6, 1	@ Tag_AV_cpp_exceptions
	.ARM_attribute	16, 1	@ Tag_AV_eba
	.section	.debug_line,"",%progbits
.Lline_table_start0:
