<html>
<body>
<pre>
<h1>µVision Build Log</h1>
<h2>Tool Versions:</h2>
IDE-Version: £gVision V5.38.0.0
Copyright (C) 2022 ARM Ltd and ARM Germany GmbH. All rights reserved.
License Information: Borhan Lee, National Tsing Hua University, LIC=QXJEQ-N2LCN-PNW4V-2JRFP-62JWP-CGLZP
 
Tool Versions:
Toolchain:       MDK-ARM Cortex-M0/M23 for Nuvoton  Version: 5.38.0.0
Toolchain Path:  C:\Keil_v5\ARM\ARMCLANG\Bin
C Compiler:      ArmClang.exe V6.19
Assembler:       Armasm.exe V6.19
Linker/Locator:  ArmLink.exe V6.19
Library Manager: ArmAr.exe V6.19
Hex Converter:   FromElf.exe V6.19
CPU DLL:         
Dialog DLL:      
Target DLL:      NULink\Nu_Link.dll V3.18
Dialog DLL:      TCM.DLL V1.56.4.0
 
<h2>Project:</h2>
C:\Users\Borhan\Desktop\M2354_Series_BSP_CMSIS_V3.00.005_duplicate\SampleCode\TrustZone\E-Voting-System\Nonsecure\KEIL\Nonsecure.uvprojx
Project File Date:  01/16/2025

<h2>Output:</h2>
*** Using Compiler 'V6.19', folder: 'C:\Keil_v5\ARM\ARMCLANG\Bin'
Build Project 'Nonsecure' - Target 'Nonsecure'
linking...
Program Size: Code=11372 RO-data=1988 RW-data=16 ZI-data=22720  
FromELF: creating hex file...
After Build - User command #1: fromelf --bin ".\Objects\Nonsecure.axf" --output ".\Objects\Nonsecure.bin"
After Build - User command #2: fromelf --text -c ".\Objects\Nonsecure.axf" --output ".\Objects\Nonsecure.txt"
".\Objects\Nonsecure.axf" - 0 Error(s), 0 Warning(s).

<h2>Software Packages used:</h2>

Package Vendor: Nuvoton
                https://github.com/OpenNuvoton/cmsis-packs/raw/master/Nuvoton_DFP/Nuvoton.NuMicro_DFP.1.3.25.pack
                Nuvoton.NuMicro_DFP.1.3.25
                Nuvoton ARM Cortex-M NuMicro Family Device Support

<h2>Collection of Component include folders:</h2>
  C:/Users/Borhan/AppData/Local/Arm/Packs/Nuvoton/NuMicro_DFP/1.3.25/Device/M2354/Include

<h2>Collection of Component Files used:</h2>
Build Time Elapsed:  00:00:00
</pre>
</body>
</html>
