<html>
<body>
<pre>
<h1>µVision Build Log</h1>
<h2>Tool Versions:</h2>
IDE-Version: £gVision V5.40.0.0
Copyright (C) 2024 ARM Ltd and ARM Germany GmbH. All rights reserved.
License Information: Yi-Chun Yang, National Hsing Hua University, LIC=PWS6Y-ISYUA-MY6P2-MYCTM-VUYX7-SS4RE
 
Tool Versions:
Toolchain:       MDK-ARM Cortex-M0/M23 for Nuvoton  Version: 5.40.0.3
Toolchain Path:  C:\Users\LogoslabMiniPC\AppData\Local\Keil_v5\ARM\ARMCLANG\Bin
C Compiler:      ArmClang.exe V6.22
Assembler:       Armasm.exe V6.22
Linker/Locator:  ArmLink.exe V6.22
Library Manager: ArmAr.exe V6.22
Hex Converter:   FromElf.exe V6.22
CPU DLL:         
Dialog DLL:      
Target DLL:      NULink\Nu_Link.dll V3.15
Dialog DLL:      TCM.DLL V1.56.4.0
 
<h2>Project:</h2>
C:\Users\LogoslabMiniPC\GitHub_Box_Windows\logoslab\M2354\Old_M2354_BSP_300004\SampleCode\TrustZone\Borhan-E-Voting-System\Nonsecure\KEIL\Nonsecure.uvprojx
Project File Date:  01/21/2025

<h2>Output:</h2>
*** Using Compiler 'V6.22', folder: 'C:\Users\LogoslabMiniPC\AppData\Local\Keil_v5\ARM\ARMCLANG\Bin'
Build Project 'Nonsecure' - Target 'Nonsecure'
assembling startup_M2354.s...
creating list file for system_M2354.c...
compiling system_M2354.c...
compiling retarget.c...
compiling main_ns.c...
compiling gpio.c...
creating list file for gpio.c...
compiling uart.c...
creating list file for retarget.c...
compiling timer.c...
creating list file for main_ns.c...
creating list file for timer.c...
creating list file for uart.c...
linking...
Program Size: Code=11396 RO-data=1988 RW-data=16 ZI-data=22720  
FromELF: creating hex file...
After Build - User command #1: fromelf --bin ".\Objects\Nonsecure.axf" --output ".\Objects\Nonsecure.bin"
After Build - User command #2: fromelf --text -c ".\Objects\Nonsecure.axf" --output ".\Objects\Nonsecure.txt"
".\Objects\Nonsecure.axf" - 0 Error(s), 0 Warning(s).

<h2>Software Packages used:</h2>

Package Vendor: Nuvoton
                https://github.com/OpenNuvoton/cmsis-packs/raw/master/Nuvoton_DFP/Nuvoton.NuMicro_DFP.1.3.26.pack
                Nuvoton::NuMicro_DFP@1.3.26
                Nuvoton ARM Cortex-M NuMicro Family Device Support

<h2>Collection of Component include folders:</h2>
  C:/Users/LogoslabMiniPC/AppData/Local/Arm/Packs/Nuvoton/NuMicro_DFP/1.3.26/Device/M2354/Include

<h2>Collection of Component Files used:</h2>
Build Time Elapsed:  00:00:01
</pre>
</body>
</html>
