<html>
<body>
<pre>
<h1>µVision Build Log</h1>
<h2>Tool Versions:</h2>
IDE-Version: £gVision V5.40.0.0
Copyright (C) 2024 ARM Ltd and ARM Germany GmbH. All rights reserved.
License Information: Yi-Chun Yang, National Hsing Hua University, LIC=PWS6Y-ISYUA-MY6P2-MYCTM-VUYX7-SS4RE
 
Tool Versions:
Toolchain:       MDK-ARM Cortex-M0/M23 for Nuvoton  Version: 5.40.0.3
Toolchain Path:  C:\Users\LogoslabMiniPC\AppData\Local\Keil_v5\ARM\ARMCLANG\Bin
C Compiler:      ArmClang.exe V6.22
Assembler:       Armasm.exe V6.22
Linker/Locator:  ArmLink.exe V6.22
Library Manager: ArmAr.exe V6.22
Hex Converter:   FromElf.exe V6.22
CPU DLL:         
Dialog DLL:      
Target DLL:      NULink\Nu_Link.dll V3.15
Dialog DLL:      TCM.DLL V1.56.4.0
 
<h2>Project:</h2>
C:\Users\LogoslabMiniPC\GitHub_Box_Windows\logoslab\M2354\Old_M2354_BSP_300004\SampleCode\TrustZone\Borhan-E-Voting-System\Secure\KEIL\Secure.uvprojx
Project File Date:  01/20/2025

<h2>Output:</h2>
*** Using Compiler 'V6.22', folder: 'C:\Users\LogoslabMiniPC\AppData\Local\Keil_v5\ARM\ARMCLANG\Bin'
Build Project 'Secure' - Target 'Secure'
assembling startup_M2354.s...
compiling system_M2354.c...
creating list file for system_M2354.c...
compiling retarget.c...
creating list file for retarget.c...
creating list file for uart.c...
compiling uart.c...
creating list file for clk.c...
creating list file for my_crypto.c...
C:\Users\LogoslabMiniPC\GitHub_Box_Windows\logoslab\M2354\Old_M2354_BSP_300004\SampleCode\TrustZone\Borhan-E-Voting-System\Secure\KEIL\my_crypto.c(958): warning: passing 'const char *' to parameter of type 'char *' discards qualifiers [-Wincompatible-pointer-types-discards-qualifiers]
  958 |     if (ECC_GenerateSignature(CRPT, CURVE_P_SIZE, msg, d, k, R, S) < 0) {
      |                                                   ^~~
C:\Users\LogoslabMiniPC\GitHub_Box_Windows\logoslab\M2354\Old_M2354_BSP_300004\Library\StdDriver\inc\crypto.h(526): note: passing argument to parameter 'message' here
  526 | int32_t  ECC_GenerateSignature(CRPT_T *crpt, E_ECC_CURVE ecc_curve, char *message, char *d, char *k, char *R, char *S);
      |                                                                           ^
C:\Users\LogoslabMiniPC\GitHub_Box_Windows\logoslab\M2354\Old_M2354_BSP_300004\SampleCode\TrustZone\Borhan-E-Voting-System\Secure\KEIL\my_crypto.c(977): warning: passing 'const char *' to parameter of type 'char *' discards qualifiers [-Wincompatible-pointer-types-discards-qualifiers]
  977 |     err = ECC_VerifySignature(CRPT, CURVE_P_SIZE, msg, Qx, Qy, R, S);
      |                                                   ^~~
C:\Users\LogoslabMiniPC\GitHub_Box_Windows\logoslab\M2354\Old_M2354_BSP_300004\Library\StdDriver\inc\crypto.h(527): note: passing argument to parameter 'message' here
  527 | int32_t  ECC_VerifySignature(CRPT_T *crpt, E_ECC_CURVE ecc_curve, char *message, char *public_k1, char *public_k2, char *R, char *S);
      |                                                                         ^
2 warnings generated.
compiling my_crypto.c...
creating list file for gpio.c...
compiling gpio.c...
compiling clk.c...
creating list file for fmc.c...
creating list file for rng.c...
compiling fmc.c...
compiling crypto.c...
creating list file for crypto.c...
compiling rng.c...
creating list file for sys.c...
creating list file for keystore.c...
compiling sys.c...
compiling keystore.c...
compiling environment.cpp...
creating list file for environment.cpp...
compiling jsonBuild.cpp...
creating list file for jsonBuild.cpp...
compiling main.cpp...
creating list file for main.cpp...
linking...
Program Size: Code=113360 RO-data=48660 RW-data=44 ZI-data=26812  
After Build - User command #1: fromelf --bin ".\Objects\Secure.axf" --output ".\Objects\Secure.bin"
After Build - User command #2: fromelf --text -c ".\Objects\Secure.axf" --output ".\Objects\Secure.txt"
".\Objects\Secure.axf" - 0 Error(s), 2 Warning(s).

<h2>Software Packages used:</h2>

Package Vendor: Nuvoton
                https://github.com/OpenNuvoton/cmsis-packs/raw/master/Nuvoton_DFP/Nuvoton.NuMicro_DFP.1.3.26.pack
                Nuvoton::NuMicro_DFP@1.3.26
                Nuvoton ARM Cortex-M NuMicro Family Device Support

<h2>Collection of Component include folders:</h2>
  C:/Users/LogoslabMiniPC/AppData/Local/Arm/Packs/Nuvoton/NuMicro_DFP/1.3.26/Device/M2354/Include

<h2>Collection of Component Files used:</h2>
Build Time Elapsed:  00:00:04
</pre>
</body>
</html>
